Component: ARM Compiler 5.06 update 6 (build 750) Tool: armlink [4d35ed]

==============================================================================

Section Cross References

    startup_stm32f107xc.o(RESET) refers to startup_stm32f107xc.o(STACK) for __initial_sp
    startup_stm32f107xc.o(RESET) refers to startup_stm32f107xc.o(.text) for Reset_Handler
    startup_stm32f107xc.o(RESET) refers to stm32f1xx_it.o(i.NMI_Handler) for NMI_Handler
    startup_stm32f107xc.o(RESET) refers to stm32f1xx_it.o(i.HardFault_Handler) for HardFault_Handler
    startup_stm32f107xc.o(RESET) refers to stm32f1xx_it.o(i.MemManage_Handler) for MemManage_Handler
    startup_stm32f107xc.o(RESET) refers to stm32f1xx_it.o(i.BusFault_Handler) for BusFault_Handler
    startup_stm32f107xc.o(RESET) refers to stm32f1xx_it.o(i.UsageFault_Handler) for UsageFault_Handler
    startup_stm32f107xc.o(RESET) refers to stm32f1xx_it.o(i.SVC_Handler) for SVC_Handler
    startup_stm32f107xc.o(RESET) refers to stm32f1xx_it.o(i.DebugMon_Handler) for DebugMon_Handler
    startup_stm32f107xc.o(RESET) refers to stm32f1xx_it.o(i.PendSV_Handler) for PendSV_Handler
    startup_stm32f107xc.o(RESET) refers to stm32f1xx_it.o(i.SysTick_Handler) for SysTick_Handler
    startup_stm32f107xc.o(RESET) refers to stm32f1xx_it.o(i.USART1_IRQHandler) for USART1_IRQHandler
    startup_stm32f107xc.o(RESET) refers to stm32f1xx_it.o(i.USART2_IRQHandler) for USART2_IRQHandler
    startup_stm32f107xc.o(RESET) refers to stm32f1xx_it.o(i.USART3_IRQHandler) for USART3_IRQHandler
    startup_stm32f107xc.o(RESET) refers to stm32f1xx_it.o(i.TIM6_IRQHandler) for TIM6_IRQHandler
    startup_stm32f107xc.o(RESET) refers to stm32f1xx_it.o(i.TIM7_IRQHandler) for TIM7_IRQHandler
    startup_stm32f107xc.o(.text) refers to system_stm32f1xx.o(i.SystemInit) for SystemInit
    startup_stm32f107xc.o(.text) refers to entry.o(.ARM.Collect$$$$00000000) for __main
    main.o(i.SystemClock_Config) refers to memseta.o(.text) for __aeabi_memclr4
    main.o(i.SystemClock_Config) refers to stm32f1xx_hal_rcc.o(i.HAL_RCC_OscConfig) for HAL_RCC_OscConfig
    main.o(i.SystemClock_Config) refers to stm32f1xx_hal_rcc.o(i.HAL_RCC_ClockConfig) for HAL_RCC_ClockConfig
    main.o(i.main) refers to stm32f1xx_hal.o(i.HAL_Init) for HAL_Init
    main.o(i.main) refers to main.o(i.SystemClock_Config) for SystemClock_Config
    main.o(i.main) refers to gpio.o(i.MX_GPIO_Init) for MX_GPIO_Init
    main.o(i.main) refers to i2c.o(i.MX_I2C1_Init) for MX_I2C1_Init
    main.o(i.main) refers to tim.o(i.MX_TIM3_Init) for MX_TIM3_Init
    main.o(i.main) refers to tim.o(i.MX_TIM6_Init) for MX_TIM6_Init
    main.o(i.main) refers to tim.o(i.MX_TIM2_Init) for MX_TIM2_Init
    main.o(i.main) refers to tim.o(i.MX_TIM1_Init) for MX_TIM1_Init
    main.o(i.main) refers to usart.o(i.MX_USART1_UART_Init) for MX_USART1_UART_Init
    main.o(i.main) refers to tim.o(i.MX_TIM7_Init) for MX_TIM7_Init
    main.o(i.main) refers to tim.o(i.MX_TIM4_Init) for MX_TIM4_Init
    main.o(i.main) refers to usart.o(i.MX_USART2_UART_Init) for MX_USART2_UART_Init
    main.o(i.main) refers to usart.o(i.MX_USART3_UART_Init) for MX_USART3_UART_Init
    main.o(i.main) refers to stm32f1xx_hal_tim.o(i.HAL_TIM_Base_Start_IT) for HAL_TIM_Base_Start_IT
    main.o(i.main) refers to driver_mpu6050.o(i.Sensor_I2C1_Serch) for Sensor_I2C1_Serch
    main.o(i.main) refers to driver_mpu6050.o(i.MPU6050_Init) for MPU6050_Init
    main.o(i.main) refers to driver_motor.o(i.Motor_Init) for Motor_Init
    main.o(i.main) refers to driver_hanging.o(i.Hanging_Init) for Hanging_Init
    main.o(i.main) refers to stm32f1xx_hal_uart.o(i.HAL_UART_Receive_IT) for HAL_UART_Receive_IT
    main.o(i.main) refers to task_attitude.o(i.Task_attitude_sol) for Task_attitude_sol
    main.o(i.main) refers to task_motor.o(i.Task_motor) for Task_motor
    main.o(i.main) refers to task_hanging.o(i.Task_hanging) for Task_hanging
    main.o(i.main) refers to stm32f1xx_hal.o(i.HAL_Delay) for HAL_Delay
    main.o(i.main) refers to tim.o(.bss) for htim7
    main.o(i.main) refers to task_motor.o(.data) for RX
    main.o(i.main) refers to usart.o(.bss) for huart2
    gpio.o(i.MX_GPIO_Init) refers to stm32f1xx_hal_gpio.o(i.HAL_GPIO_Init) for HAL_GPIO_Init
    i2c.o(i.HAL_I2C_MspDeInit) refers to stm32f1xx_hal_gpio.o(i.HAL_GPIO_DeInit) for HAL_GPIO_DeInit
    i2c.o(i.HAL_I2C_MspInit) refers to stm32f1xx_hal_gpio.o(i.HAL_GPIO_Init) for HAL_GPIO_Init
    i2c.o(i.MX_I2C1_Init) refers to stm32f1xx_hal_i2c.o(i.HAL_I2C_Init) for HAL_I2C_Init
    i2c.o(i.MX_I2C1_Init) refers to main.o(i.Error_Handler) for Error_Handler
    i2c.o(i.MX_I2C1_Init) refers to i2c.o(.bss) for .bss
    tim.o(i.HAL_TIM_Base_MspDeInit) refers to stm32f1xx_hal_cortex.o(i.HAL_NVIC_DisableIRQ) for HAL_NVIC_DisableIRQ
    tim.o(i.HAL_TIM_Base_MspInit) refers to stm32f1xx_hal_cortex.o(i.HAL_NVIC_SetPriority) for HAL_NVIC_SetPriority
    tim.o(i.HAL_TIM_Base_MspInit) refers to stm32f1xx_hal_cortex.o(i.HAL_NVIC_EnableIRQ) for HAL_NVIC_EnableIRQ
[...]
    i.MPU6050_DATA_Read                      0x08002fd8   Section        0  driver_mpu6050.o(i.MPU6050_DATA_Read)
    i.MPU6050_Init                           0x08002fec   Section        0  driver_mpu6050.o(i.MPU6050_Init)
    i.MPU6050_Read_Accel                     0x0800306c   Section        0  driver_mpu6050.o(i.MPU6050_Read_Accel)
    i.MPU6050_Read_Gyro                      0x080030dc   Section        0  driver_mpu6050.o(i.MPU6050_Read_Gyro)
    i.MPU6050_Read_Temp                      0x08003150   Section        0  driver_mpu6050.o(i.MPU6050_Read_Temp)
    i.MX_GPIO_Init                           0x08003194   Section        0  gpio.o(i.MX_GPIO_Init)
    i.MX_I2C1_Init                           0x080031fc   Section        0  i2c.o(i.MX_I2C1_Init)
    i.MX_TIM1_Init                           0x0800323c   Section        0  tim.o(i.MX_TIM1_Init)
    i.MX_TIM2_Init                           0x08003334   Section        0  tim.o(i.MX_TIM2_Init)
    i.MX_TIM3_Init                           0x0800339c   Section        0  tim.o(i.MX_TIM3_Init)
    i.MX_TIM4_Init                           0x08003464   Section        0  tim.o(i.MX_TIM4_Init)
    i.MX_TIM6_Init                           0x080034cc   Section        0  tim.o(i.MX_TIM6_Init)
    i.MX_TIM7_Init                           0x08003510   Section        0  tim.o(i.MX_TIM7_Init)
    i.MX_USART1_UART_Init                    0x08003554   Section        0  usart.o(i.MX_USART1_UART_Init)
    i.MX_USART2_UART_Init                    0x0800358c   Section        0  usart.o(i.MX_USART2_UART_Init)
    i.MX_USART3_UART_Init                    0x080035c4   Section        0  usart.o(i.MX_USART3_UART_Init)
    i.MemManage_Handler                      0x080035fc   Section        0  stm32f1xx_it.o(i.MemManage_Handler)
    i.MotorDriver                            0x08003600   Section        0  task_motor.o(i.MotorDriver)
    i.MotorV_kalman_dispose                  0x08003690   Section        0  driver_motor.o(i.MotorV_kalman_dispose)
    i.MotorV_kalman_init                     0x08003730   Section        0  driver_motor.o(i.MotorV_kalman_init)
    i.Motor_Init                             0x0800375c   Section        0  driver_motor.o(i.Motor_Init)
    i.Motor_PIDset                           0x080038c0   Section        0  task_motor.o(i.Motor_PIDset)
    i.Motor_Park_Run                         0x0800391c   Section        0  task_motor.o(i.Motor_Park_Run)
    i.Motor_Run                              0x08003950   Section        0  driver_motor.o(i.Motor_Run)
    i.Motor_RunRun                           0x08003b30   Section        0  task_motor.o(i.Motor_RunRun)
    i.Motor_init_enable                      0x08003c70   Section        0  task_motor.o(i.Motor_init_enable)
    i.Motorspeed_observe_jscope              0x08003c90   Section        0  driver_motor.o(i.Motorspeed_observe_jscope)
    i.NMI_Handler                            0x08003ce8   Section        0  stm32f1xx_it.o(i.NMI_Handler)
    i.NVIC_SetPriority                       0x08003cea   Section        0  stm32f1xx_hal_cortex.o(i.NVIC_SetPriority)
    NVIC_SetPriority                         0x08003ceb   Thumb Code    32  stm32f1xx_hal_cortex.o(i.NVIC_SetPriority)
    i.PendSV_Handler                         0x08003d0a   Section        0  stm32f1xx_it.o(i.PendSV_Handler)
    i.PidCalc                                0x08003d0c   Section        0  pid.o(i.PidCalc)
    i.PidClear                               0x08003e14   Section        0  pid.o(i.PidClear)
    i.SVC_Handler                            0x08003e1c   Section        0  stm32f1xx_it.o(i.SVC_Handler)
    i.Sensor_I2C1_Read                       0x08003e20   Section        0  driver_mpu6050.o(i.Sensor_I2C1_Read)
    i.Sensor_I2C1_Serch                      0x08003e40   Section        0  driver_mpu6050.o(i.Sensor_I2C1_Serch)
    i.Sensor_I2C1_Write                      0x08003e70   Section        0  driver_mpu6050.o(i.Sensor_I2C1_Write)
    i.SysTick_Handler                        0x08003e90   Section        0  stm32f1xx_it.o(i.SysTick_Handler)
    i.SystemClock_Config                     0x08003e94   Section        0  main.o(i.SystemClock_Config)
    i.SystemInit                             0x08003efc   Section        0  system_stm32f1xx.o(i.SystemInit)
    i.TIM6_IRQHandler                        0x08003f50   Section        0  stm32f1xx_it.o(i.TIM6_IRQHandler)
    i.TIM7_IRQHandler                        0x08003f5c   Section        0  stm32f1xx_it.o(i.TIM7_IRQHandler)
    i.TIM_Base_SetConfig                     0x08003f68   Section        0  stm32f1xx_hal_tim.o(i.TIM_Base_SetConfig)
    i.TIM_CCxChannelCmd                      0x08003fe4   Section        0  stm32f1xx_hal_tim.o(i.TIM_CCxChannelCmd)
    i.TIM_ETR_SetConfig                      0x08003ffa   Section        0  stm32f1xx_hal_tim.o(i.TIM_ETR_SetConfig)
    TIM_ETR_SetConfig                        0x08003ffb   Thumb Code    20  stm32f1xx_hal_tim.o(i.TIM_ETR_SetConfig)
    i.TIM_ITRx_SetConfig                     0x0800400e   Section        0  stm32f1xx_hal_tim.o(i.TIM_ITRx_SetConfig)
    TIM_ITRx_SetConfig                       0x0800400f   Thumb Code    16  stm32f1xx_hal_tim.o(i.TIM_ITRx_SetConfig)
    i.TIM_OC1_SetConfig                      0x08004020   Section        0  stm32f1xx_hal_tim.o(i.TIM_OC1_SetConfig)
    TIM_OC1_SetConfig                        0x08004021   Thumb Code    74  stm32f1xx_hal_tim.o(i.TIM_OC1_SetConfig)
    i.TIM_OC2_SetConfig                      0x08004070   Section        0  stm32f1xx_hal_tim.o(i.TIM_OC2_SetConfig)
    i.TIM_OC3_SetConfig                      0x080040c8   Section        0  stm32f1xx_hal_tim.o(i.TIM_OC3_SetConfig)
    TIM_OC3_SetConfig                        0x080040c9   Thumb Code    82  stm32f1xx_hal_tim.o(i.TIM_OC3_SetConfig)
    i.TIM_OC4_SetConfig                      0x08004120   Section        0  stm32f1xx_hal_tim.o(i.TIM_OC4_SetConfig)
    TIM_OC4_SetConfig                        0x08004121   Thumb Code    64  stm32f1xx_hal_tim.o(i.TIM_OC4_SetConfig)
    i.TIM_TI1_ConfigInputStage               0x08004164   Section        0  stm32f1xx_hal_tim.o(i.TIM_TI1_ConfigInputStage)
    TIM_TI1_ConfigInputStage                 0x08004165   Thumb Code    34  stm32f1xx_hal_tim.o(i.TIM_TI1_ConfigInputStage)
    i.TIM_TI2_ConfigInputStage               0x08004186   Section        0  stm32f1xx_hal_tim.o(i.TIM_TI2_ConfigInputStage)
    TIM_TI2_ConfigInputStage                 0x08004187   Thumb Code    36  stm32f1xx_hal_tim.o(i.TIM_TI2_ConfigInputStage)
    i.Task_attitude_sol                      0x080041ac   Section        0  task_attitude.o(i.Task_attitude_sol)
    i.Task_hanging                           0x0800420c   Section        0  task_hanging.o(i.Task_hanging)
    i.Task_motor                             0x08004258   Section        0  task_motor.o(i.Task_motor)
    i.TimX_encoder_cont                      0x08004280   Section        0  driver_motor.o(i.TimX_encoder_cont)
    i.TimX_encoder_solu                      0x0800428c   Section        0  driver_motor.o(i.TimX_encoder_solu)
    i.UART_DMAAbortOnError                   0x080042d0   Section        0  stm32f1xx_hal_uart.o(i.UART_DMAAbortOnError)
    UART_DMAAbortOnError                     0x080042d1   Thumb Code    16  stm32f1xx_hal_uart.o(i.UART_DMAAbortOnError)
    i.UART_EndRxTransfer                     0x080042e0   Section        0  stm32f1xx_hal_uart.o(i.UART_EndRxTransfer)
    UART_EndRxTransfer                       0x080042e1   Thumb Code    28  stm32f1xx_hal_uart.o(i.UART_EndRxTransfer)
    i.UART_Receive_IT                        0x080042fc   Section        0  stm32f1xx_hal_uart.o(i.UART_Receive_IT)
    UART_Receive_IT                          0x080042fd   Thumb Code   150  stm32f1xx_hal_uart.o(i.UART_Receive_IT)
    i.UART_SetConfig                         0x08004394   Section        0  stm32f1xx_hal_uart.o(i.UART_SetConfig)
    UART_SetConfig                           0x08004395   Thumb Code   364  stm32f1xx_hal_uart.o(i.UART_SetConfig)
    i.UART_Transmit_IT                       0x08004504   Section        0  stm32f1xx_hal_uart.o(i.UART_Transmit_IT)
    UART_Transmit_IT                         0x08004505   Thumb Code    98  stm32f1xx_hal_uart.o(i.UART_Transmit_IT)
    i.USART1_IRQHandler                      0x08004568   Section        0  stm32f1xx_it.o(i.USART1_IRQHandler)
    i.USART2_IRQHandler                      0x08004574   Section        0  stm32f1xx_it.o(i.USART2_IRQHandler)
    i.USART3_IRQHandler                      0x08004580   Section        0  stm32f1xx_it.o(i.USART3_IRQHandler)
    i.UsageFault_Handler                     0x0800458c   Section        0  stm32f1xx_it.o(i.UsageFault_Handler)
    i.WM_locaupdate                          0x08004590   Section        0  task_attitude.o(i.WM_locaupdate)
    i.__ARM_fpclassify                       0x08004628   Section        0  fpclassify.o(i.__ARM_fpclassify)
    i.__ieee754_rem_pio2                     0x08004650   Section        0  rred.o(i.__ieee754_rem_pio2)
    i.__kernel_cos                           0x080049d8   Section        0  cos_i.o(i.__kernel_cos)
    i.__kernel_poly                          0x08004ad4   Section        0  poly.o(i.__kernel_poly)
    i.__kernel_sin                           0x08004b80   Section        0  sin_i.o(i.__kernel_sin)
    i.__kernel_tan                           0x08004c6c   Section        0  tan_i.o(i.__kernel_tan)
    i.__mathlib_dbl_divzero                  0x08004ee8   Section        0  dunder.o(i.__mathlib_dbl_divzero)
    i.__mathlib_dbl_infnan                   0x08004ef8   Section        0  dunder.o(i.__mathlib_dbl_infnan)
    i.__mathlib_dbl_infnan2                  0x08004efe   Section        0  dunder.o(i.__mathlib_dbl_infnan2)
    i.__mathlib_dbl_invalid                  0x08004f02   Section        0  dunder.o(i.__mathlib_dbl_invalid)
    i.__mathlib_dbl_overflow                 0x08004f0e   Section        0  dunder.o(i.__mathlib_dbl_overflow)
    i.__mathlib_dbl_underflow                0x08004f1c   Section        0  dunder.o(i.__mathlib_dbl_underflow)
    i.__scatterload_copy                     0x08004f2c   Section       14  handlers.o(i.__scatterload_copy)
    i.__scatterload_null                     0x08004f3a   Section        2  handlers.o(i.__scatterload_null)
    i.__scatterload_zeroinit                 0x08004f3c   Section       14  handlers.o(i.__scatterload_zeroinit)
    i.__set_errno                            0x08004f4c   Section        0  errno.o(i.__set_errno)
    i.accel_attitude_aol                     0x08004f58   Section        0  task_attitude.o(i.accel_attitude_aol)
    i.arm_mat_add_f32                        0x08005004   Section        0  arm_mat_add_f32.o(i.arm_mat_add_f32)
    i.arm_mat_init_f32                       0x08005084   Section        0  arm_mat_init_f32.o(i.arm_mat_init_f32)
    i.arm_mat_inverse_f32                    0x0800508c   Section        0  arm_mat_inverse_f32.o(i.arm_mat_inverse_f32)
    i.arm_mat_mult_f32                       0x080052ea   Section        0  arm_mat_mult_f32.o(i.arm_mat_mult_f32)
    i.arm_mat_sub_f32                        0x080053fc   Section        0  arm_mat_sub_f32.o(i.arm_mat_sub_f32)
    i.arm_mat_trans_f32                      0x0800547c   Section        0  arm_mat_trans_f32.o(i.arm_mat_trans_f32)
    i.atan                                   0x080054f8   Section        0  atan.o(i.atan)
    i.cos                                    0x08005718   Section        0  cos.o(i.cos)
    i.exp                                    0x080057b4   Section        0  exp.o(i.exp)
    i.gyro_attitude_aol                      0x08005a38   Section        0  task_attitude.o(i.gyro_attitude_aol)
    i.kalman_filter_calc                     0x08005b94   Section        0  kalman_filter.o(i.kalman_filter_calc)
    i.kalman_filter_init                     0x08005cc0   Section        0  kalman_filter.o(i.kalman_filter_init)
    i.main                                   0x08005da4   Section        0  main.o(i.main)
    i.pow                                    0x08005e18   Section        0  pow.o(i.pow)
    i.sin                                    0x080067f0   Section        0  sin.o(i.sin)
    i.sqrt                                   0x08006890   Section        0  sqrt.o(i.sqrt)
    i.tan                                    0x080068dc   Section        0  tan.o(i.tan)
    i.zero_sol                               0x08006940   Section        0  task_attitude.o(i.zero_sol)
    .constdata                               0x08006964   Section       16  system_stm32f1xx.o(.constdata)
    .constdata                               0x08006974   Section        8  system_stm32f1xx.o(.constdata)
    .constdata                               0x08006980   Section      152  atan.o(.constdata)
    atanhi                                   0x08006980   Data          32  atan.o(.constdata)
    atanlo                                   0x080069a0   Data          32  atan.o(.constdata)
    aTodd                                    0x080069c0   Data          40  atan.o(.constdata)
    aTeven                                   0x080069e8   Data          48  atan.o(.constdata)
    .constdata                               0x08006a18   Section       88  exp.o(.constdata)
    halF                                     0x08006a18   Data          16  exp.o(.constdata)
    ln2HI                                    0x08006a28   Data          16  exp.o(.constdata)
    ln2LO                                    0x08006a38   Data          16  exp.o(.constdata)
    P                                        0x08006a48   Data          40  exp.o(.constdata)
    .constdata                               0x08006a70   Section      136  pow.o(.constdata)
    bp                                       0x08006a70   Data          16  pow.o(.constdata)
    dp_h                                     0x08006a80   Data          16  pow.o(.constdata)
    dp_l                                     0x08006a90   Data          16  pow.o(.constdata)
    L                                        0x08006aa0   Data          48  pow.o(.constdata)
    P                                        0x08006ad0   Data          40  pow.o(.constdata)
    .constdata                               0x08006af8   Section       48  cos_i.o(.constdata)
    C                                        0x08006af8   Data          48  cos_i.o(.constdata)
    .constdata                               0x08006b28   Section        8  qnan.o(.constdata)
    .constdata                               0x08006b30   Section      200  rred.o(.constdata)
    pio2s                                    0x08006b30   Data          48  rred.o(.constdata)
    twooverpi                                0x08006b60   Data         152  rred.o(.constdata)
    .constdata                               0x08006bf8   Section       40  sin_i.o(.constdata)
    S                                        0x08006bf8   Data          40  sin_i.o(.constdata)
    .constdata                               0x08006c20   Section       96  tan_i.o(.constdata)
    Todd                                     0x08006c20   Data          48  tan_i.o(.constdata)
    Teven                                    0x08006c50   Data          48  tan_i.o(.constdata)
    .data                                    0x20000000   Section        1  stm32f1xx_it.o(.data)
    .data                                    0x20000004   Section       12  stm32f1xx_hal.o(.data)
    .data                                    0x20000010   Section        4  system_stm32f1xx.o(.data)
    .data                                    0x20000014   Section      440  task_attitude.o(.data)
    .data                                    0x200001cc   Section        3  task_motor.o(.data)
    .data                                    0x200001d0   Section       12  task_hanging.o(.data)
    .data                                    0x200001dc   Section        6  driver_mpu6050.o(.data)
    Mpu6050Addr                              0x200001e0   Data           2  driver_mpu6050.o(.data)
    .data                                    0x200001e4   Section      216  driver_motor.o(.data)
    .data                                    0x200002bc   Section       48  driver_hanging.o(.data)
    .data                                    0x200002ec   Section        8  kalman_filter.o(.data)
    .data                                    0x200002f4   Section        4  errno.o(.data)
    _errno                                   0x200002f4   Data           4  errno.o(.data)
    .bss                                     0x200002f8   Section       84  i2c.o(.bss)
    .bss                                     0x2000034c   Section      384  tim.o(.bss)
    .bss                                     0x200004cc   Section      192  usart.o(.bss)
    .bss                                     0x2000058c   Section      228  task_attitude.o(.bss)
    .bss                                     0x20000670   Section       60  task_motor.o(.bss)
    .bss                                     0x200006ac   Section       32  task_hanging.o(.bss)
    .bss                                     0x200006cc   Section       28  driver_mpu6050.o(.bss)
    .bss                                     0x200006e8   Section      616  driver_motor.o(.bss)
    .bss                                     0x20000950   Section      464  driver_hanging.o(.bss)
    STACK                                    0x20000b20   Section     1024  startup_stm32f107xc.o(STACK)

    Global Symbols

    Symbol Name                              Value     Ov Type        Size  Object(Section)

    BuildAttributes$$THM_ISAv4$P$D$K$B$S$PE$A:L22UL41UL21$X:L11$S22US41US21$IEEE1$IW$USESV6$~STKCKD$USESV7$~SHL$OTIME$ROPI$IEEEX$EBA8$MICROLIB$REQ8$PRES8$EABIv2 0x00000000   Number         0  anon$$obj.o ABSOLUTE
    __ARM_use_no_argv                        0x00000000   Number         0  main.o ABSOLUTE
    __cpp_initialize__aeabi_                  - Undefined Weak Reference
    __cxa_finalize                            - Undefined Weak Reference
    _clock_init                               - Undefined Weak Reference
    _microlib_exit                            - Undefined Weak Reference
    __Vectors_Size                           0x00000150   Number         0  startup_stm32f107xc.o ABSOLUTE
    __Vectors                                0x08000000   Data           4  startup_stm32f107xc.o(RESET)
    __Vectors_End                            0x08000150   Data           0  startup_stm32f107xc.o(RESET)
    __main                                   0x08000151   Thumb Code     0  entry.o(.ARM.Collect$$$$00000000)
    _main_stk                                0x08000151   Thumb Code     0  entry2.o(.ARM.Collect$$$$00000001)
    _main_scatterload                        0x08000155   Thumb Code     0  entry5.o(.ARM.Collect$$$$00000004)
    __main_after_scatterload                 0x08000159   Thumb Code     0  entry5.o(.ARM.Collect$$$$00000004)
    _main_clock                              0x08000159   Thumb Code     0  entry7b.o(.ARM.Collect$$$$00000008)
    _main_cpp_init                           0x08000159   Thumb Code     0  entry8b.o(.ARM.Collect$$$$0000000A)
    _main_init                               0x08000159   Thumb Code     0  entry9a.o(.ARM.Collect$$$$0000000B)
    __rt_final_cpp                           0x08000161   Thumb Code     0  entry10a.o(.ARM.Collect$$$$0000000D)
    __rt_final_exit                          0x08000161   Thumb Code     0  entry11a.o(.ARM.Collect$$$$0000000F)
    Reset_Handler                            0x08000165   Thumb Code     8  startup_stm32f107xc.o(.text)
    ADC1_2_IRQHandler                        0x0800017f   Thumb Code     0  startup_stm32f107xc.o(.text)
    CAN1_RX0_IRQHandler                      0x0800017f   Thumb Code     0  startup_stm32f107xc.o(.text)
    CAN1_RX1_IRQHandler                      0x0800017f   Thumb Code     0  startup_stm32f107xc.o(.text)
    CAN1_SCE_IRQHandler                      0x0800017f   Thumb Code     0  startup_stm32f107xc.o(.text)
    CAN1_TX_IRQHandler                       0x0800017f   Thumb Code     0  startup_stm32f107xc.o(.text)
    CAN2_RX0_IRQHandler                      0x0800017f   Thumb Code     0  startup_stm32f107xc.o(.text)
    CAN2_RX1_IRQHandler                      0x0800017f   Thumb Code     0  startup_stm32f107xc.o(.text)
    CAN2_SCE_IRQHandler                      0x0800017f   Thumb Code     0  startup_stm32f107xc.o(.text)
    CAN2_TX_IRQHandler                       0x0800017f   Thumb Code     0  startup_stm32f107xc.o(.text)
    DMA1_Channel1_IRQHandler                 0x0800017f   Thumb Code     0  startup_stm32f107xc.o(.text)
    DMA1_Channel2_IRQHandler                 0x0800017f   Thumb Code     0  startup_stm32f107xc.o(.text)
    DMA1_Channel3_IRQHandler                 0x0800017f   Thumb Code     0  startup_stm32f107xc.o(.text)
    DMA1_Channel4_IRQHandler                 0x0800017f   Thumb Code     0  startup_stm32f107xc.o(.text)
    DMA1_Channel5_IRQHandler                 0x0800017f   Thumb Code     0  startup_stm32f107xc.o(.text)
    DMA1_Channel6_IRQHandler                 0x0800017f   Thumb Code     0  startup_stm32f107xc.o(.text)
    DMA1_Channel7_IRQHandler                 0x0800017f   Thumb Code     0  startup_stm32f107xc.o(.text)
    DMA2_Channel1_IRQHandler                 0x0800017f   Thumb Code     0  startup_stm32f107xc.o(.text)
    DMA2_Channel2_IRQHandler                 0x0800017f   Thumb Code     0  startup_stm32f107xc.o(.text)
    DMA2_Channel3_IRQHandler                 0x0800017f   Thumb Code     0  startup_stm32f107xc.o(.text)
    DMA2_Channel4_IRQHandler                 0x0800017f   Thumb Code     0  startup_stm32f107xc.o(.text)
    DMA2_Channel5_IRQHandler                 0x0800017f   Thumb Code     0  startup_stm32f107xc.o(.text)
    ETH_IRQHandler                           0x0800017f   Thumb Code     0  startup_stm32f107xc.o(.text)
    ETH_WKUP_IRQHandler                      0x0800017f   Thumb Code     0  startup_stm32f107xc.o(.text)
    EXTI0_IRQHandler                         0x0800017f   Thumb Code     0  startup_stm32f107xc.o(.text)
    EXTI15_10_IRQHandler                     0x0800017f   Thumb Code     0  startup_stm32f107xc.o(.text)
    EXTI1_IRQHandler                         0x0800017f   Thumb Code     0  startup_stm32f107xc.o(.text)
    EXTI2_IRQHandler                         0x0800017f   Thumb Code     0  startup_stm32f107xc.o(.text)
    EXTI3_IRQHandler                         0x0800017f   Thumb Code     0  startup_stm32f107xc.o(.text)
    EXTI4_IRQHandler                         0x0800017f   Thumb Code     0  startup_stm32f107xc.o(.text)
    EXTI9_5_IRQHandler                       0x0800017f   Thumb Code     0  startup_stm32f107xc.o(.text)
    FLASH_IRQHandler                         0x0800017f   Thumb Code     0  startup_stm32f107xc.o(.text)
    I2C1_ER_IRQHandler                       0x0800017f   Thumb Code     0  startup_stm32f107xc.o(.text)
    I2C1_EV_IRQHandler                       0x0800017f   Thumb Code     0  startup_stm32f107xc.o(.text)
    I2C2_ER_IRQHandler                       0x0800017f   Thumb Code     0  startup_stm32f107xc.o(.text)
    I2C2_EV_IRQHandler                       0x0800017f   Thumb Code     0  startup_stm32f107xc.o(.text)
    OTG_FS_IRQHandler                        0x0800017f   Thumb Code     0  startup_stm32f107xc.o(.text)
    OTG_FS_WKUP_IRQHandler                   0x0800017f   Thumb Code     0  startup_stm32f107xc.o(.text)
    PVD_IRQHandler                           0x0800017f   Thumb Code     0  startup_stm32f107xc.o(.text)
    RCC_IRQHandler                           0x0800017f   Thumb Code     0  startup_stm32f107xc.o(.text)
    RTC_Alarm_IRQHandler                     0x0800017f   Thumb Code     0  startup_stm32f107xc.o(.text)
    RTC_IRQHandler                           0x0800017f   Thumb Code     0  startup_stm32f107xc.o(.text)
    SPI1_IRQHandler                          0x0800017f   Thumb Code     0  startup_stm32f107xc.o(.text)
    SPI2_IRQHandler                          0x0800017f   Thumb Code     0  startup_stm32f107xc.o(.text)
    SPI3_IRQHandler                          0x0800017f   Thumb Code     0  startup_stm32f107xc.o(.text)
    TAMPER_IRQHandler                        0x0800017f   Thumb Code     0  startup_stm32f107xc.o(.text)
    TIM1_BRK_IRQHandler                      0x0800017f   Thumb Code     0  startup_stm32f107xc.o(.text)
    TIM1_CC_IRQHandler                       0x0800017f   Thumb Code     0  startup_stm32f107xc.o(.text)
    TIM1_TRG_COM_IRQHandler                  0x0800017f   Thumb Code     0  startup_stm32f107xc.o(.text)
    TIM1_UP_IRQHandler                       0x0800017f   Thumb Code     0  startup_stm32f107xc.o(.text)
    TIM2_IRQHandler                          0x0800017f   Thumb Code     0  startup_stm32f107xc.o(.text)
    TIM3_IRQHandler                          0x0800017f   Thumb Code     0  startup_stm32f107xc.o(.text)
    TIM4_IRQHandler                          0x0800017f   Thumb Code     0  startup_stm32f107xc.o(.text)
    TIM5_IRQHandler                          0x0800017f   Thumb Code     0  startup_stm32f107xc.o(.text)
    UART4_IRQHandler                         0x0800017f   Thumb Code     0  startup_stm32f107xc.o(.text)
    UART5_IRQHandler                         0x0800017f   Thumb Code     0  startup_stm32f107xc.o(.text)
    WWDG_IRQHandler                          0x0800017f   Thumb Code     0  startup_stm32f107xc.o(.text)
    __aeabi_uldivmod                         0x08000189   Thumb Code    98  uldiv.o(.text)
    __aeabi_llsr                             0x080001eb   Thumb Code    32  llushr.o(.text)
    _ll_ushift_r                             0x080001eb   Thumb Code     0  llushr.o(.text)
    __aeabi_memcpy                           0x0800020b   Thumb Code    36  memcpya.o(.text)
    __aeabi_memcpy4                          0x0800020b   Thumb Code     0  memcpya.o(.text)
    __aeabi_memcpy8                          0x0800020b   Thumb Code     0  memcpya.o(.text)
    __aeabi_memset                           0x0800022f   Thumb Code    14  memseta.o(.text)
    __aeabi_memset4                          0x0800022f   Thumb Code     0  memseta.o(.text)
    __aeabi_memset8                          0x0800022f   Thumb Code     0  memseta.o(.text)
    __aeabi_memclr                           0x0800023d   Thumb Code     4  memseta.o(.text)
    __aeabi_memclr4                          0x0800023d   Thumb Code     0  memseta.o(.text)
    __aeabi_memclr8                          0x0800023d   Thumb Code     0  memseta.o(.text)
    _memset$wrapper                          0x08000241   Thumb Code    18  memseta.o(.text)
    __aeabi_fadd                             0x08000253   Thumb Code   164  fadd.o(.text)
    __aeabi_fsub                             0x080002f7   Thumb Code     6  fadd.o(.text)
    __aeabi_frsub                            0x080002fd   Thumb Code     6  fadd.o(.text)
    __aeabi_fmul                             0x08000303   Thumb Code   100  fmul.o(.text)
    __aeabi_fdiv                             0x08000367   Thumb Code   124  fdiv.o(.text)
    __ARM_scalbnf                            0x080003e3   Thumb Code    24  fscalb.o(.text)
    scalbnf                                  0x080003e3   Thumb Code     0  fscalb.o(.text)
    __aeabi_dadd                             0x080003fb   Thumb Code   322  dadd.o(.text)
    __aeabi_dsub                             0x0800053d   Thumb Code     6  dadd.o(.text)
    __aeabi_drsub                            0x08000543   Thumb Code     6  dadd.o(.text)
    __aeabi_dmul                             0x08000549   Thumb Code   228  dmul.o(.text)
    __aeabi_ddiv                             0x0800062d   Thumb Code   222  ddiv.o(.text)
    __ARM_scalbn                             0x0800070b   Thumb Code    46  dscalb.o(.text)
    scalbn                                   0x0800070b   Thumb Code     0  dscalb.o(.text)
    __aeabi_i2f                              0x08000739   Thumb Code    18  fflti.o(.text)
    __aeabi_i2d                              0x0800074b   Thumb Code    34  dflti.o(.text)
    __aeabi_f2iz                             0x0800076d   Thumb Code    50  ffixi.o(.text)
    __aeabi_d2iz                             0x0800079f   Thumb Code    62  dfixi.o(.text)
    __aeabi_f2d                              0x080007dd   Thumb Code    38  f2d.o(.text)
    __aeabi_cdcmpeq                          0x08000805   Thumb Code     0  cdcmple.o(.text)
    __aeabi_cdcmple                          0x08000805   Thumb Code    48  cdcmple.o(.text)
    __aeabi_d2f                              0x08000835   Thumb Code    56  d2f.o(.text)
    __aeabi_cfcmpeq                          0x0800086d   Thumb Code     0  cfcmple.o(.text)
    __aeabi_cfcmple                          0x0800086d   Thumb Code    20  cfcmple.o(.text)
    __aeabi_cfrcmple                         0x08000881   Thumb Code    20  cfrcmple.o(.text)
    __aeabi_llsl                             0x08000895   Thumb Code    30  llshl.o(.text)
    _ll_shift_l                              0x08000895   Thumb Code     0  llshl.o(.text)
    __aeabi_lasr                             0x080008b3   Thumb Code    36  llsshr.o(.text)
    _ll_sshift_r                             0x080008b3   Thumb Code     0  llsshr.o(.text)
    __I$use$fp                               0x080008d7   Thumb Code     0  iusefp.o(.text)
    _float_round                             0x080008d7   Thumb Code    18  fepilogue.o(.text)
    _float_epilogue                          0x080008e9   Thumb Code    92  fepilogue.o(.text)
    _double_round                            0x08000945   Thumb Code    30  depilogue.o(.text)
    _double_epilogue                         0x08000963   Thumb Code   156  depilogue.o(.text)
    _dsqrt                                   0x080009ff   Thumb Code   162  dsqrt.o(.text)
    __aeabi_cdrcmple                         0x08000aa1   Thumb Code    48  cdrcmple.o(.text)
    __scatterload                            0x08000ad1   Thumb Code    28  init.o(.text)
    __scatterload_rt2                        0x08000ad1   Thumb Code     0  init.o(.text)
    __aeabi_ui2d                             0x08000af5   Thumb Code    26  dfltui.o(.text)
    __decompress                             0x08000b0f   Thumb Code     0  __dczerorl2.o(.text)
    __decompress1                            0x08000b0f   Thumb Code    86  __dczerorl2.o(.text)
    Attitude_kalman_init                     0x08000b65   Thumb Code    66  task_attitude.o(i.Attitude_kalman_init)
    Attitude_kalman_pitch_dispose            0x08000bb1   Thumb Code    82  task_attitude.o(i.Attitude_kalman_pitch_dispose)
    Attitude_kalman_roll_dispose             0x08000c15   Thumb Code    82  task_attitude.o(i.Attitude_kalman_roll_dispose)
    Attitude_observe_jscope                  0x08000c79   Thumb Code   136  task_attitude.o(i.Attitude_observe_jscope)
    BusFault_Handler                         0x08000d11   Thumb Code     2  stm32f1xx_it.o(i.BusFault_Handler)
    Control_Datainput                        0x08000d13   Thumb Code    24  driver_motor.o(i.Control_Datainput)
    Control_PID                              0x08000d2b   Thumb Code    26  driver_motor.o(i.Control_PID)
    Control_localoop                         0x08000d45   Thumb Code    18  driver_motor.o(i.Control_localoop)
    Control_speedloop                        0x08000d57   Thumb Code    16  driver_motor.o(i.Control_speedloop)
    Control_turnloop                         0x08000d67   Thumb Code    18  driver_motor.o(i.Control_turnloop)
    DebugMon_Handler                         0x08000d79   Thumb Code     2  stm32f1xx_it.o(i.DebugMon_Handler)
    Duo_Xianfu                               0x08000d7d   Thumb Code    72  driver_hanging.o(i.Duo_Xianfu)
    Error_Handler                            0x08000dc9   Thumb Code     2  main.o(i.Error_Handler)
    HAL_DMA_Abort_IT                         0x08000dcd   Thumb Code   296  stm32f1xx_hal_dma.o(i.HAL_DMA_Abort_IT)
    HAL_Delay                                0x08000efd   Thumb Code    32  stm32f1xx_hal.o(i.HAL_Delay)
    HAL_GPIO_Init                            0x08000f21   Thumb Code   408  stm32f1xx_hal_gpio.o(i.HAL_GPIO_Init)
    HAL_GetTick                              0x080010dd   Thumb Code     6  stm32f1xx_hal.o(i.HAL_GetTick)
    HAL_I2C_Init                             0x080010e9   Thumb Code   302  stm32f1xx_hal_i2c.o(i.HAL_I2C_Init)
    HAL_I2C_IsDeviceReady                    0x08001229   Thumb Code   344  stm32f1xx_hal_i2c.o(i.HAL_I2C_IsDeviceReady)
    HAL_I2C_Mem_Read                         0x08001389   Thumb Code   530  stm32f1xx_hal_i2c.o(i.HAL_I2C_Mem_Read)
    HAL_I2C_Mem_Write                        0x080015a9   Thumb Code   306  stm32f1xx_hal_i2c.o(i.HAL_I2C_Mem_Write)
    HAL_I2C_MspInit                          0x080016e5   Thumb Code   112  i2c.o(i.HAL_I2C_MspInit)
    HAL_IncTick                              0x08001761   Thumb Code    12  stm32f1xx_hal.o(i.HAL_IncTick)
    HAL_Init                                 0x08001771   Thumb Code    32  stm32f1xx_hal.o(i.HAL_Init)
    HAL_InitTick                             0x08001795   Thumb Code    54  stm32f1xx_hal.o(i.HAL_InitTick)
    HAL_MspInit                              0x080017d5   Thumb Code    38  stm32f1xx_hal_msp.o(i.HAL_MspInit)
    HAL_NVIC_EnableIRQ                       0x08001801   Thumb Code    22  stm32f1xx_hal_cortex.o(i.HAL_NVIC_EnableIRQ)
    HAL_NVIC_SetPriority                     0x08001819   Thumb Code    60  stm32f1xx_hal_cortex.o(i.HAL_NVIC_SetPriority)
    HAL_NVIC_SetPriorityGrouping             0x08001859   Thumb Code    26  stm32f1xx_hal_cortex.o(i.HAL_NVIC_SetPriorityGrouping)
    HAL_RCC_ClockConfig                      0x0800187d   Thumb Code   346  stm32f1xx_hal_rcc.o(i.HAL_RCC_ClockConfig)
    HAL_RCC_GetPCLK1Freq                     0x080019e9   Thumb Code    20  stm32f1xx_hal_rcc.o(i.HAL_RCC_GetPCLK1Freq)
    HAL_RCC_GetPCLK2Freq                     0x08001a09   Thumb Code    20  stm32f1xx_hal_rcc.o(i.HAL_RCC_GetPCLK2Freq)
    HAL_RCC_GetSysClockFreq                  0x08001a29   Thumb Code   148  stm32f1xx_hal_rcc.o(i.HAL_RCC_GetSysClockFreq)
    HAL_RCC_OscConfig                        0x08001aed   Thumb Code   946  stm32f1xx_hal_rcc.o(i.HAL_RCC_OscConfig)
    HAL_SYSTICK_Config                       0x08001eb5   Thumb Code    40  stm32f1xx_hal_cortex.o(i.HAL_SYSTICK_Config)
    HAL_TIMEx_BreakCallback                  0x08001edd   Thumb Code     2  stm32f1xx_hal_tim_ex.o(i.HAL_TIMEx_BreakCallback)
    HAL_TIMEx_CommutationCallback            0x08001edf   Thumb Code     2  stm32f1xx_hal_tim_ex.o(i.HAL_TIMEx_CommutationCallback)
    HAL_TIMEx_ConfigBreakDeadTime            0x08001ee1   Thumb Code    90  stm32f1xx_hal_tim_ex.o(i.HAL_TIMEx_ConfigBreakDeadTime)
    HAL_TIMEx_MasterConfigSynchronization    0x08001f3b   Thumb Code    80  stm32f1xx_hal_tim_ex.o(i.HAL_TIMEx_MasterConfigSynchronization)
    HAL_TIM_Base_Init                        0x08001f8b   Thumb Code    54  stm32f1xx_hal_tim.o(i.HAL_TIM_Base_Init)
    HAL_TIM_Base_MspInit                     0x08001fc1   Thumb Code   130  tim.o(i.HAL_TIM_Base_MspInit)
    HAL_TIM_Base_Start_IT                    0x08002059   Thumb Code    24  stm32f1xx_hal_tim.o(i.HAL_TIM_Base_Start_IT)
    HAL_TIM_ConfigClockSource                0x08002071   Thumb Code   242  stm32f1xx_hal_tim.o(i.HAL_TIM_ConfigClockSource)
    HAL_TIM_Encoder_Init                     0x08002163   Thumb Code   150  stm32f1xx_hal_tim.o(i.HAL_TIM_Encoder_Init)
    HAL_TIM_Encoder_MspInit                  0x080021f9   Thumb Code   140  tim.o(i.HAL_TIM_Encoder_MspInit)
    HAL_TIM_Encoder_Start                    0x08002299   Thumb Code    52  stm32f1xx_hal_tim.o(i.HAL_TIM_Encoder_Start)
    HAL_TIM_IC_CaptureCallback               0x080022cd   Thumb Code     2  stm32f1xx_hal_tim.o(i.HAL_TIM_IC_CaptureCallback)
    HAL_TIM_IRQHandler                       0x080022cf   Thumb Code   358  stm32f1xx_hal_tim.o(i.HAL_TIM_IRQHandler)
    HAL_TIM_MspPostInit                      0x08002435   Thumb Code   154  tim.o(i.HAL_TIM_MspPostInit)
    HAL_TIM_OC_DelayElapsedCallback          0x080024ed   Thumb Code     2  stm32f1xx_hal_tim.o(i.HAL_TIM_OC_DelayElapsedCallback)
    HAL_TIM_PWM_ConfigChannel                0x080024ef   Thumb Code   208  stm32f1xx_hal_tim.o(i.HAL_TIM_PWM_ConfigChannel)
    HAL_TIM_PWM_Init                         0x080025bf   Thumb Code    54  stm32f1xx_hal_tim.o(i.HAL_TIM_PWM_Init)
    HAL_TIM_PWM_MspInit                      0x080025f5   Thumb Code     2  stm32f1xx_hal_tim.o(i.HAL_TIM_PWM_MspInit)
    HAL_TIM_PWM_PulseFinishedCallback        0x080025f7   Thumb Code     2  stm32f1xx_hal_tim.o(i.HAL_TIM_PWM_PulseFinishedCallback)
    HAL_TIM_PWM_Start                        0x080025f9   Thumb Code    42  stm32f1xx_hal_tim.o(i.HAL_TIM_PWM_Start)
    HAL_TIM_PeriodElapsedCallback            0x08002629   Thumb Code    66  stm32f1xx_it.o(i.HAL_TIM_PeriodElapsedCallback)
    HAL_TIM_TriggerCallback                  0x08002685   Thumb Code     2  stm32f1xx_hal_tim.o(i.HAL_TIM_TriggerCallback)
    HAL_UART_ErrorCallback                   0x08002687   Thumb Code     2  stm32f1xx_hal_uart.o(i.HAL_UART_ErrorCallback)
    HAL_UART_IRQHandler                      0x08002689   Thumb Code   266  stm32f1xx_hal_uart.o(i.HAL_UART_IRQHandler)
    HAL_UART_Init                            0x08002799   Thumb Code    98  stm32f1xx_hal_uart.o(i.HAL_UART_Init)
    HAL_UART_MspInit                         0x080027fd   Thumb Code   282  usart.o(i.HAL_UART_MspInit)
    HAL_UART_Receive_IT                      0x08002931   Thumb Code    82  stm32f1xx_hal_uart.o(i.HAL_UART_Receive_IT)
    HAL_UART_RxCpltCallback                  0x08002985   Thumb Code    20  stm32f1xx_it.o(i.HAL_UART_RxCpltCallback)
    HAL_UART_Transmit_IT                     0x080029a5   Thumb Code    62  stm32f1xx_hal_uart.o(i.HAL_UART_Transmit_IT)
    HAL_UART_TxCpltCallback                  0x080029e3   Thumb Code     2  stm32f1xx_hal_uart.o(i.HAL_UART_TxCpltCallback)
    Hang_init_enable                         0x080029e5   Thumb Code    14  task_hanging.o(i.Hang_init_enable)
    HangingDriver                            0x080029f9   Thumb Code    88  task_hanging.o(i.HangingDriver)
    Hanging_Datainput                        0x08002a61   Thumb Code    30  driver_hanging.o(i.Hanging_Datainput)
    Hanging_Init                             0x08002a81   Thumb Code   178  driver_hanging.o(i.Hanging_Init)
    Hanging_PID                              0x08002b55   Thumb Code     4  driver_hanging.o(i.Hanging_PID)
    Hanging_Run                              0x08002b59   Thumb Code   198  driver_hanging.o(i.Hanging_Run)
    Hanging_localoop                         0x08002c25   Thumb Code    16  driver_hanging.o(i.Hanging_localoop)
    HardFault_Handler                        0x08002c35   Thumb Code     2  stm32f1xx_it.o(i.HardFault_Handler)
    MPU6050_DATA_Read                        0x08002fd9   Thumb Code    18  driver_mpu6050.o(i.MPU6050_DATA_Read)
    MPU6050_Init                             0x08002fed   Thumb Code   122  driver_mpu6050.o(i.MPU6050_Init)
    MPU6050_Read_Accel                       0x0800306d   Thumb Code   104  driver_mpu6050.o(i.MPU6050_Read_Accel)
    MPU6050_Read_Gyro                        0x080030dd   Thumb Code   102  driver_mpu6050.o(i.MPU6050_Read_Gyro)
    MPU6050_Read_Temp                        0x08003151   Thumb Code    50  driver_mpu6050.o(i.MPU6050_Read_Temp)
    MX_GPIO_Init                             0x08003195   Thumb Code    96  gpio.o(i.MX_GPIO_Init)
    MX_I2C1_Init                             0x080031fd   Thumb Code    50  i2c.o(i.MX_I2C1_Init)
    MX_TIM1_Init                             0x0800323d   Thumb Code   240  tim.o(i.MX_TIM1_Init)
    MX_TIM2_Init                             0x08003335   Thumb Code    98  tim.o(i.MX_TIM2_Init)
    MX_TIM3_Init                             0x0800339d   Thumb Code   192  tim.o(i.MX_TIM3_Init)
    MX_TIM4_Init                             0x08003465   Thumb Code    96  tim.o(i.MX_TIM4_Init)
    MX_TIM6_Init                             0x080034cd   Thumb Code    60  tim.o(i.MX_TIM6_Init)
    MX_TIM7_Init                             0x08003511   Thumb Code    60  tim.o(i.MX_TIM7_Init)
    MX_USART1_UART_Init                      0x08003555   Thumb Code    48  usart.o(i.MX_USART1_UART_Init)
    MX_USART2_UART_Init                      0x0800358d   Thumb Code    48  usart.o(i.MX_USART2_UART_Init)
    MX_USART3_UART_Init                      0x080035c5   Thumb Code    48  usart.o(i.MX_USART3_UART_Init)
    MemManage_Handler                        0x080035fd   Thumb Code     2  stm32f1xx_it.o(i.MemManage_Handler)
    MotorDriver                              0x08003601   Thumb Code   128  task_motor.o(i.MotorDriver)
    MotorV_kalman_dispose                    0x08003691   Thumb Code   148  driver_motor.o(i.MotorV_kalman_dispose)
    MotorV_kalman_init                       0x08003731   Thumb Code    34  driver_motor.o(i.MotorV_kalman_init)
    Motor_Init                               0x0800375d   Thumb Code   304  driver_motor.o(i.Motor_Init)
    Motor_PIDset                             0x080038c1   Thumb Code    56  task_motor.o(i.Motor_PIDset)
    Motor_Park_Run                           0x0800391d   Thumb Code    32  task_motor.o(i.Motor_Park_Run)
    Motor_Run                                0x08003951   Thumb Code   452  driver_motor.o(i.Motor_Run)
    Motor_RunRun                             0x08003b31   Thumb Code   244  task_motor.o(i.Motor_RunRun)
    Motor_init_enable                        0x08003c71   Thumb Code    22  task_motor.o(i.Motor_init_enable)
    Motorspeed_observe_jscope                0x08003c91   Thumb Code    74  driver_motor.o(i.Motorspeed_observe_jscope)
    NMI_Handler                              0x08003ce9   Thumb Code     2  stm32f1xx_it.o(i.NMI_Handler)
    PendSV_Handler                           0x08003d0b   Thumb Code     2  stm32f1xx_it.o(i.PendSV_Handler)
    PidCalc                                  0x08003d0d   Thumb Code   260  pid.o(i.PidCalc)
    PidClear                                 0x08003e15   Thumb Code     8  pid.o(i.PidClear)
    SVC_Handler                              0x08003e1d   Thumb Code     2  stm32f1xx_it.o(i.SVC_Handler)
    Sensor_I2C1_Read                         0x08003e21   Thumb Code    26  driver_mpu6050.o(i.Sensor_I2C1_Read)
    Sensor_I2C1_Serch                        0x08003e41   Thumb Code    38  driver_mpu6050.o(i.Sensor_I2C1_Serch)
    Sensor_I2C1_Write                        0x08003e71   Thumb Code    26  driver_mpu6050.o(i.Sensor_I2C1_Write)
    SysTick_Handler                          0x08003e91   Thumb Code     4  stm32f1xx_it.o(i.SysTick_Handler)
    SystemClock_Config                       0x08003e95   Thumb Code    98  main.o(i.SystemClock_Config)
    SystemInit                               0x08003efd   Thumb Code    68  system_stm32f1xx.o(i.SystemInit)
    TIM6_IRQHandler                          0x08003f51   Thumb Code     6  stm32f1xx_it.o(i.TIM6_IRQHandler)
    TIM7_IRQHandler                          0x08003f5d   Thumb Code     6  stm32f1xx_it.o(i.TIM7_IRQHandler)
    TIM_Base_SetConfig                       0x08003f69   Thumb Code   106  stm32f1xx_hal_tim.o(i.TIM_Base_SetConfig)
    TIM_CCxChannelCmd                        0x08003fe5   Thumb Code    22  stm32f1xx_hal_tim.o(i.TIM_CCxChannelCmd)
    TIM_OC2_SetConfig                        0x08004071   Thumb Code    84  stm32f1xx_hal_tim.o(i.TIM_OC2_SetConfig)
    Task_attitude_sol                        0x080041ad   Thumb Code    82  task_attitude.o(i.Task_attitude_sol)
    Task_hanging                             0x0800420d   Thumb Code    62  task_hanging.o(i.Task_hanging)
    Task_motor                               0x08004259   Thumb Code    34  task_motor.o(i.Task_motor)
    TimX_encoder_cont                        0x08004281   Thumb Code    12  driver_motor.o(i.TimX_encoder_cont)
    TimX_encoder_solu                        0x0800428d   Thumb Code    54  driver_motor.o(i.TimX_encoder_solu)
    USART1_IRQHandler                        0x08004569   Thumb Code     6  stm32f1xx_it.o(i.USART1_IRQHandler)
    USART2_IRQHandler                        0x08004575   Thumb Code     6  stm32f1xx_it.o(i.USART2_IRQHandler)
    USART3_IRQHandler                        0x08004581   Thumb Code     6  stm32f1xx_it.o(i.USART3_IRQHandler)
    UsageFault_Handler                       0x0800458d   Thumb Code     2  stm32f1xx_it.o(i.UsageFault_Handler)
    WM_locaupdate                            0x08004591   Thumb Code   128  task_attitude.o(i.WM_locaupdate)
    __ARM_fpclassify                         0x08004629   Thumb Code    40  fpclassify.o(i.__ARM_fpclassify)
    __ieee754_rem_pio2                       0x08004651   Thumb Code   828  rred.o(i.__ieee754_rem_pio2)
    __kernel_cos                             0x080049d9   Thumb Code   230  cos_i.o(i.__kernel_cos)
    __kernel_poly                            0x08004ad5   Thumb Code   170  poly.o(i.__kernel_poly)
    __kernel_sin                             0x08004b81   Thumb Code   224  sin_i.o(i.__kernel_sin)
    __kernel_tan                             0x08004c6d   Thumb Code   586  tan_i.o(i.__kernel_tan)
    __mathlib_dbl_divzero                    0x08004ee9   Thumb Code    12  dunder.o(i.__mathlib_dbl_divzero)
    __mathlib_dbl_infnan                     0x08004ef9   Thumb Code     6  dunder.o(i.__mathlib_dbl_infnan)
    __mathlib_dbl_infnan2                    0x08004eff   Thumb Code     4  dunder.o(i.__mathlib_dbl_infnan2)
    __mathlib_dbl_invalid                    0x08004f03   Thumb Code    12  dunder.o(i.__mathlib_dbl_invalid)
    __mathlib_dbl_overflow                   0x08004f0f   Thumb Code    14  dunder.o(i.__mathlib_dbl_overflow)
    __mathlib_dbl_underflow                  0x08004f1d   Thumb Code    10  dunder.o(i.__mathlib_dbl_underflow)
    __scatterload_copy                       0x08004f2d   Thumb Code    14  handlers.o(i.__scatterload_copy)
    __scatterload_null                       0x08004f3b   Thumb Code     2  handlers.o(i.__scatterload_null)
    __scatterload_zeroinit                   0x08004f3d   Thumb Code    14  handlers.o(i.__scatterload_zeroinit)
    __set_errno                              0x08004f4d   Thumb Code     6  errno.o(i.__set_errno)
    accel_attitude_aol                       0x08004f59   Thumb Code   164  task_attitude.o(i.accel_attitude_aol)
    arm_mat_add_f32                          0x08005005   Thumb Code   128  arm_mat_add_f32.o(i.arm_mat_add_f32)
    arm_mat_init_f32                         0x08005085   Thumb Code     8  arm_mat_init_f32.o(i.arm_mat_init_f32)
    arm_mat_inverse_f32                      0x0800508d   Thumb Code   606  arm_mat_inverse_f32.o(i.arm_mat_inverse_f32)
    arm_mat_mult_f32                         0x080052eb   Thumb Code   274  arm_mat_mult_f32.o(i.arm_mat_mult_f32)
    arm_mat_sub_f32                          0x080053fd   Thumb Code   128  arm_mat_sub_f32.o(i.arm_mat_sub_f32)
    arm_mat_trans_f32                        0x0800547d   Thumb Code   122  arm_mat_trans_f32.o(i.arm_mat_trans_f32)
    atan                                     0x080054f9   Thumb Code   474  atan.o(i.atan)
    cos                                      0x08005719   Thumb Code   148  cos.o(i.cos)
    exp                                      0x080057b5   Thumb Code   554  exp.o(i.exp)
    gyro_attitude_aol                        0x08005a39   Thumb Code   340  task_attitude.o(i.gyro_attitude_aol)
    kalman_filter_calc                       0x08005b95   Thumb Code   296  kalman_filter.o(i.kalman_filter_calc)
    kalman_filter_init                       0x08005cc1   Thumb Code   226  kalman_filter.o(i.kalman_filter_init)
    main                                     0x08005da5   Thumb Code   104  main.o(i.main)
    pow                                      0x08005e19   Thumb Code  2512  pow.o(i.pow)
    sin                                      0x080067f1   Thumb Code   150  sin.o(i.sin)
    sqrt                                     0x08006891   Thumb Code    76  sqrt.o(i.sqrt)
    tan                                      0x080068dd   Thumb Code    90  tan.o(i.tan)
    zero_sol                                 0x08006941   Thumb Code    28  task_attitude.o(i.zero_sol)
    AHBPrescTable                            0x08006964   Data          16  system_stm32f1xx.o(.constdata)
    APBPrescTable                            0x08006974   Data           8  system_stm32f1xx.o(.constdata)
    __mathlib_zero                           0x08006b28   Data           8  qnan.o(.constdata)
    Region$$Table$$Base                      0x08006c80   Number         0  anon$$obj.o(Region$$Table)
    Region$$Table$$Limit                     0x08006ca0   Number         0  anon$$obj.o(Region$$Table)
    tx                                       0x20000000   Data           1  stm32f1xx_it.o(.data)
    uwTickFreq                               0x20000004   Data           1  stm32f1xx_hal.o(.data)
    uwTickPrio                               0x20000008   Data           4  stm32f1xx_hal.o(.data)
    uwTick                                   0x2000000c   Data           4  stm32f1xx_hal.o(.data)
    SystemCoreClock                          0x20000010   Data           4  system_stm32f1xx.o(.data)
    attitude_init_flag                       0x20000014   Data           1  task_attitude.o(.data)
    yaw_dt                                   0x20000018   Data           4  task_attitude.o(.data)
    offset_pitch                             0x2000001c   Data           4  task_attitude.o(.data)
    offset_roll                              0x20000020   Data           4  task_attitude.o(.data)
    pitch_lowK                               0x20000024   Data           4  task_attitude.o(.data)
    roll_lowK                                0x20000028   Data           4  task_attitude.o(.data)
    Kalinit_flag_pitch                       0x2000002c   Data           4  task_attitude.o(.data)
    Kalinit_flag_roll                        0x20000030   Data           4  task_attitude.o(.data)
    accel_pitch_theta                        0x20000034   Data           4  task_attitude.o(.data)
    accel_roll_fai                           0x20000038   Data           4  task_attitude.o(.data)
    gyro_pitch_w                             0x2000003c   Data           4  task_attitude.o(.data)
    gyro_roll_w                              0x20000040   Data           4  task_attitude.o(.data)
    gyro_yaw_w                               0x20000044   Data           4  task_attitude.o(.data)
    obse_pitch_theta                         0x20000048   Data           4  task_attitude.o(.data)
    obse_roll_fai                            0x2000004c   Data           4  task_attitude.o(.data)
    obse_kal_pitch_theta                     0x20000050   Data           4  task_attitude.o(.data)
    obse_kal_roll_fai                        0x20000054   Data           4  task_attitude.o(.data)
    last_pitchlocation                       0x20000058   Data           4  task_attitude.o(.data)
    last_turnlocation                        0x2000005c   Data           4  task_attitude.o(.data)
    last_rollloacation                       0x20000060   Data           4  task_attitude.o(.data)
    Attitude_pitch_kalman_filter_para        0x20000064   Data         180  task_attitude.o(.data)
    Attitude_roll_kalman_filter_para         0x20000118   Data         180  task_attitude.o(.data)
    motor_init_flag                          0x200001cc   Data           1  task_motor.o(.data)
    motor_fall_flag                          0x200001cd   Data           1  task_motor.o(.data)
    RX                                       0x200001ce   Data           1  task_motor.o(.data)
    mode_flag                                0x200001d0   Data           4  task_hanging.o(.data)
    Duo_CON                                  0x200001d4   Data           8  task_hanging.o(.data)
    Accel_flag                               0x200001dc   Data           1  driver_mpu6050.o(.data)
    Gyro_flag                                0x200001dd   Data           1  driver_mpu6050.o(.data)
    Temp_flag                                0x200001de   Data           1  driver_mpu6050.o(.data)
    LIMIT_BOTTOM_PWM                         0x200001e4   Data           4  driver_motor.o(.data)
    START_PWM                                0x200001e8   Data           4  driver_motor.o(.data)
    Kalinit_flag_motorv                      0x200001ec   Data           4  driver_motor.o(.data)
    Pluse_Calspeed1                          0x200001f0   Data           4  driver_motor.o(.data)
    Pluse_Calspeed2                          0x200001f4   Data           4  driver_motor.o(.data)
    obse_PITCH_v                             0x200001f8   Data           4  driver_motor.o(.data)
    obse_mot2_v                              0x200001fc   Data           4  driver_motor.o(.data)
    obse_kal_PITCH_v                         0x20000200   Data           4  driver_motor.o(.data)
    obse_kal_mot2_v                          0x20000204   Data           4  driver_motor.o(.data)
    Attitude_motorspeed_filter_para          0x20000208   Data         180  driver_motor.o(.data)
    LowBasic_PWM                             0x200002bc   Data          16  driver_hanging.o(.data)
    HighBasic_PWM                            0x200002cc   Data          16  driver_hanging.o(.data)
    Duoveer                                  0x200002dc   Data          16  driver_hanging.o(.data)
    matrix_value1                            0x200002ec   Data           4  kalman_filter.o(.data)
    matrix_value2                            0x200002f0   Data           4  kalman_filter.o(.data)
    hi2c1                                    0x200002f8   Data          84  i2c.o(.bss)
    htim1                                    0x2000034c   Data          64  tim.o(.bss)
    htim2                                    0x2000038c   Data          64  tim.o(.bss)
    htim3                                    0x200003cc   Data          64  tim.o(.bss)
    htim4                                    0x2000040c   Data          64  tim.o(.bss)
    htim6                                    0x2000044c   Data          64  tim.o(.bss)
    htim7                                    0x2000048c   Data          64  tim.o(.bss)
    huart1                                   0x200004cc   Data          64  usart.o(.bss)
    huart2                                   0x2000050c   Data          64  usart.o(.bss)
    huart3                                   0x2000054c   Data          64  usart.o(.bss)
    Attitude_pitch_kalman_filter             0x2000058c   Data         108  task_attitude.o(.bss)
    Attitude_roll_kalman_filter              0x200005f8   Data         108  task_attitude.o(.bss)
    MPU6050_Angle                            0x20000664   Data          12  task_attitude.o(.bss)
    MotorControl_1                           0x20000670   Data          20  task_motor.o(.bss)
    MotorControl_2                           0x20000684   Data          20  task_motor.o(.bss)
    Motor_CON                                0x20000698   Data          20  task_motor.o(.bss)
    Duo_con                                  0x200006ac   Data          32  task_hanging.o(.bss)
    Mpu6050_Data                             0x200006cc   Data          28  driver_mpu6050.o(.bss)
    Attitude_motorspeed_kalman_filter        0x200006e8   Data         108  driver_motor.o(.bss)
    Motor_1                                  0x20000754   Data         116  driver_motor.o(.bss)
    Motor_2                                  0x200007c8   Data         116  driver_motor.o(.bss)
    Pitch_Pid                                0x2000083c   Data         276  driver_motor.o(.bss)
    Duo                                      0x20000950   Data         368  driver_hanging.o(.bss)
    Roll_Pid                                 0x20000ac0   Data          96  driver_hanging.o(.bss)
    __initial_sp                             0x20000f20   Data           0  startup_stm32f107xc.o(STACK)



==============================================================================

Memory Map of the image

  Image Entry point : 0x08000151

  Load Region LR_IROM1 (Base: 0x08000000, Size: 0x00006f98, Max: 0x00040000, ABSOLUTE, COMPRESSED[0x00006d1c])

    Execution Region ER_IROM1 (Exec base: 0x08000000, Load base: 0x08000000, Size: 0x00006ca0, Max: 0x00040000, ABSOLUTE)

    Exec Addr    Load Addr    Size         Type   Attr      Idx    E Section Name        Object

    0x08000000   0x08000000   0x00000150   Data   RO            3    RESET               startup_stm32f107xc.o
    0x08000150   0x08000150   0x00000000   Code   RO         3939  * .ARM.Collect$$$$00000000  mc_w.l(entry.o)
    0x08000150   0x08000150   0x00000004   Code   RO         4025    .ARM.Collect$$$$00000001  mc_w.l(entry2.o)
    0x08000154   0x08000154   0x00000004   Code   RO         4028    .ARM.Collect$$$$00000004  mc_w.l(entry5.o)
    0x08000158   0x08000158   0x00000000   Code   RO         4030    .ARM.Collect$$$$00000008  mc_w.l(entry7b.o)
    0x08000158   0x08000158   0x00000000   Code   RO         4032    .ARM.Collect$$$$0000000A  mc_w.l(entry8b.o)
    0x08000158   0x08000158   0x00000008   Code   RO         4033    .ARM.Collect$$$$0000000B  mc_w.l(entry9a.o)
    0x08000160   0x08000160   0x00000000   Code   RO         4035    .ARM.Collect$$$$0000000D  mc_w.l(entry10a.o)
    0x08000160   0x08000160   0x00000000   Code   RO         4037    .ARM.Collect$$$$0000000F  mc_w.l(entry11a.o)
    0x08000160   0x08000160   0x00000004   Code   RO         4026    .ARM.Collect$$$$00002712  mc_w.l(entry2.o)
    0x08000164   0x08000164   0x00000024   Code   RO            4    .text               startup_stm32f107xc.o
    0x08000188   0x08000188   0x00000062   Code   RO         3942    .text               mc_w.l(uldiv.o)
    0x080001ea   0x080001ea   0x00000020   Code   RO         3944    .text               mc_w.l(llushr.o)
    0x0800020a   0x0800020a   0x00000024   Code   RO         3946    .text               mc_w.l(memcpya.o)
    0x0800022e   0x0800022e   0x00000024   Code   RO         3948    .text               mc_w.l(memseta.o)
    0x08000252   0x08000252   0x000000b0   Code   RO         3952    .text               mf_w.l(fadd.o)
    0x08000302   0x08000302   0x00000064   Code   RO         3954    .text               mf_w.l(fmul.o)
    0x08000366   0x08000366   0x0000007c   Code   RO         3956    .text               mf_w.l(fdiv.o)
    0x080003e2   0x080003e2   0x00000018   Code   RO         3958    .text               mf_w.l(fscalb.o)
    0x080003fa   0x080003fa   0x0000014e   Code   RO         3960    .text               mf_w.l(dadd.o)
    0x08000548   0x08000548   0x000000e4   Code   RO         3962    .text               mf_w.l(dmul.o)
    0x0800062c   0x0800062c   0x000000de   Code   RO         3964    .text               mf_w.l(ddiv.o)
    0x0800070a   0x0800070a   0x0000002e   Code   RO         3966    .text               mf_w.l(dscalb.o)
    0x08000738   0x08000738   0x00000012   Code   RO         3968    .text               mf_w.l(fflti.o)
    0x0800074a   0x0800074a   0x00000022   Code   RO         3970    .text               mf_w.l(dflti.o)
    0x0800076c   0x0800076c   0x00000032   Code   RO         3972    .text               mf_w.l(ffixi.o)
    0x0800079e   0x0800079e   0x0000003e   Code   RO         3974    .text               mf_w.l(dfixi.o)
    0x080007dc   0x080007dc   0x00000026   Code   RO         3976    .text               mf_w.l(f2d.o)
    0x08000802   0x08000802   0x00000002   PAD
    0x08000804   0x08000804   0x00000030   Code   RO         3978    .text               mf_w.l(cdcmple.o)
    0x08000834   0x08000834   0x00000038   Code   RO         3980    .text               mf_w.l(d2f.o)
    0x0800086c   0x0800086c   0x00000014   Code   RO         3982    .text               mf_w.l(cfcmple.o)
    0x08000880   0x08000880   0x00000014   Code   RO         3984    .text               mf_w.l(cfrcmple.o)
    0x08000894   0x08000894   0x0000001e   Code   RO         4039    .text               mc_w.l(llshl.o)
    0x080008b2   0x080008b2   0x00000024   Code   RO         4041    .text               mc_w.l(llsshr.o)
    0x080008d6   0x080008d6   0x00000000   Code   RO         4050    .text               mc_w.l(iusefp.o)
    0x080008d6   0x080008d6   0x0000006e   Code   RO         4051    .text               mf_w.l(fepilogue.o)
    0x08000944   0x08000944   0x000000ba   Code   RO         4053    .text               mf_w.l(depilogue.o)
    0x080009fe   0x080009fe   0x000000a2   Code   RO         4055    .text               mf_w.l(dsqrt.o)
    0x08000aa0   0x08000aa0   0x00000030   Code   RO         4057    .text               mf_w.l(cdrcmple.o)
    0x08000ad0   0x08000ad0   0x00000024   Code   RO         4059    .text               mc_w.l(init.o)
    0x08000af4   0x08000af4   0x0000001a   Code   RO         4061    .text               mf_w.l(dfltui.o)
    0x08000b0e   0x08000b0e   0x00000056   Code   RO         4071    .text               mc_w.l(__dczerorl2.o)
    0x08000b64   0x08000b64   0x0000004c   Code   RO         3361    i.Attitude_kalman_init  task_attitude.o
    0x08000bb0   0x08000bb0   0x00000064   Code   RO         3362    i.Attitude_kalman_pitch_dispose  task_attitude.o
    0x08000c14   0x08000c14   0x00000064   Code   RO         3363    i.Attitude_kalman_roll_dispose  task_attitude.o
    0x08000c78   0x08000c78   0x00000098   Code   RO         3364    i.Attitude_observe_jscope  task_attitude.o
    0x08000d10   0x08000d10   0x00000002   Code   RO          387    i.BusFault_Handler  stm32f1xx_it.o
    0x08000d12   0x08000d12   0x00000018   Code   RO         3637    i.Control_Datainput  driver_motor.o
    0x08000d2a   0x08000d2a   0x0000001a   Code   RO         3638    i.Control_PID       driver_motor.o
    0x08000d44   0x08000d44   0x00000012   Code   RO         3639    i.Control_localoop  driver_motor.o
    0x08000d56   0x08000d56   0x00000010   Code   RO         3640    i.Control_speedloop  driver_motor.o
    0x08000d66   0x08000d66   0x00000012   Code   RO         3641    i.Control_turnloop  driver_motor.o
    0x08000d78   0x08000d78   0x00000002   Code   RO          388    i.DebugMon_Handler  stm32f1xx_it.o
    0x08000d7a   0x08000d7a   0x00000002   PAD
    0x08000d7c   0x08000d7c   0x0000004c   Code   RO         3735    i.Duo_Xianfu        driver_hanging.o
    0x08000dc8   0x08000dc8   0x00000002   Code   RO           13    i.Error_Handler     main.o
    0x08000dca   0x08000dca   0x00000002   PAD
    0x08000dcc   0x08000dcc   0x00000130   Code   RO         2569    i.HAL_DMA_Abort_IT  stm32f1xx_hal_dma.o
    0x08000efc   0x08000efc   0x00000024   Code   RO         2184    i.HAL_Delay         stm32f1xx_hal.o
    0x08000f20   0x08000f20   0x000001bc   Code   RO         2504    i.HAL_GPIO_Init     stm32f1xx_hal_gpio.o
    0x080010dc   0x080010dc   0x0000000c   Code   RO         2188    i.HAL_GetTick       stm32f1xx_hal.o
    0x080010e8   0x080010e8   0x00000140   Code   RO          600    i.HAL_I2C_Init      stm32f1xx_hal_i2c.o
    0x08001228   0x08001228   0x00000160   Code   RO          601    i.HAL_I2C_IsDeviceReady  stm32f1xx_hal_i2c.o
    0x08001388   0x08001388   0x00000220   Code   RO          616    i.HAL_I2C_Mem_Read  stm32f1xx_hal_i2c.o
    0x080015a8   0x080015a8   0x0000013c   Code   RO          619    i.HAL_I2C_Mem_Write  stm32f1xx_hal_i2c.o
    0x080016e4   0x080016e4   0x0000007c   Code   RO          202    i.HAL_I2C_MspInit   i2c.o
    0x08001760   0x08001760   0x00000010   Code   RO         2192    i.HAL_IncTick       stm32f1xx_hal.o
    0x08001770   0x08001770   0x00000024   Code   RO         2193    i.HAL_Init          stm32f1xx_hal.o
    0x08001794   0x08001794   0x00000040   Code   RO         2194    i.HAL_InitTick      stm32f1xx_hal.o
    0x080017d4   0x080017d4   0x0000002c   Code   RO          529    i.HAL_MspInit       stm32f1xx_hal_msp.o
    0x08001800   0x08001800   0x00000016   Code   RO         2664    i.HAL_NVIC_EnableIRQ  stm32f1xx_hal_cortex.o
    0x08001816   0x08001816   0x00000002   PAD
    0x08001818   0x08001818   0x00000040   Code   RO         2670    i.HAL_NVIC_SetPriority  stm32f1xx_hal_cortex.o
    0x08001858   0x08001858   0x00000024   Code   RO         2671    i.HAL_NVIC_SetPriorityGrouping  stm32f1xx_hal_cortex.o
    0x0800187c   0x0800187c   0x0000016c   Code   RO         2340    i.HAL_RCC_ClockConfig  stm32f1xx_hal_rcc.o
    0x080019e8   0x080019e8   0x00000020   Code   RO         2347    i.HAL_RCC_GetPCLK1Freq  stm32f1xx_hal_rcc.o
    0x08001a08   0x08001a08   0x00000020   Code   RO         2348    i.HAL_RCC_GetPCLK2Freq  stm32f1xx_hal_rcc.o
    0x08001a28   0x08001a28   0x000000c4   Code   RO         2349    i.HAL_RCC_GetSysClockFreq  stm32f1xx_hal_rcc.o
    0x08001aec   0x08001aec   0x000003c8   Code   RO         2352    i.HAL_RCC_OscConfig  stm32f1xx_hal_rcc.o
    0x08001eb4   0x08001eb4   0x00000028   Code   RO         2675    i.HAL_SYSTICK_Config  stm32f1xx_hal_cortex.o
    0x08001edc   0x08001edc   0x00000002   Code   RO         1618    i.HAL_TIMEx_BreakCallback  stm32f1xx_hal_tim_ex.o
    0x08001ede   0x08001ede   0x00000002   Code   RO         1619    i.HAL_TIMEx_CommutationCallback  stm32f1xx_hal_tim_ex.o
    0x08001ee0   0x08001ee0   0x0000005a   Code   RO         1620    i.HAL_TIMEx_ConfigBreakDeadTime  stm32f1xx_hal_tim_ex.o
    0x08001f3a   0x08001f3a   0x00000050   Code   RO         1635    i.HAL_TIMEx_MasterConfigSynchronization  stm32f1xx_hal_tim_ex.o
    0x08001f8a   0x08001f8a   0x00000036   Code   RO          989    i.HAL_TIM_Base_Init  stm32f1xx_hal_tim.o
    0x08001fc0   0x08001fc0   0x00000098   Code   RO          244    i.HAL_TIM_Base_MspInit  tim.o
    0x08002058   0x08002058   0x00000018   Code   RO          994    i.HAL_TIM_Base_Start_IT  stm32f1xx_hal_tim.o
    0x08002070   0x08002070   0x000000f2   Code   RO          998    i.HAL_TIM_ConfigClockSource  stm32f1xx_hal_tim.o
    0x08002162   0x08002162   0x00000096   Code   RO         1007    i.HAL_TIM_Encoder_Init  stm32f1xx_hal_tim.o
    0x080021f8   0x080021f8   0x000000a0   Code   RO          246    i.HAL_TIM_Encoder_MspInit  tim.o
    0x08002298   0x08002298   0x00000034   Code   RO         1010    i.HAL_TIM_Encoder_Start  stm32f1xx_hal_tim.o
    0x080022cc   0x080022cc   0x00000002   Code   RO         1018    i.HAL_TIM_IC_CaptureCallback  stm32f1xx_hal_tim.o
    0x080022ce   0x080022ce   0x00000166   Code   RO         1031    i.HAL_TIM_IRQHandler  stm32f1xx_hal_tim.o
    0x08002434   0x08002434   0x000000b8   Code   RO          247    i.HAL_TIM_MspPostInit  tim.o
    0x080024ec   0x080024ec   0x00000002   Code   RO         1034    i.HAL_TIM_OC_DelayElapsedCallback  stm32f1xx_hal_tim.o
    0x080024ee   0x080024ee   0x000000d0   Code   RO         1055    i.HAL_TIM_PWM_ConfigChannel  stm32f1xx_hal_tim.o
    0x080025be   0x080025be   0x00000036   Code   RO         1058    i.HAL_TIM_PWM_Init  stm32f1xx_hal_tim.o
    0x080025f4   0x080025f4   0x00000002   Code   RO         1060    i.HAL_TIM_PWM_MspInit  stm32f1xx_hal_tim.o
    0x080025f6   0x080025f6   0x00000002   Code   RO         1061    i.HAL_TIM_PWM_PulseFinishedCallback  stm32f1xx_hal_tim.o
    0x080025f8   0x080025f8   0x00000030   Code   RO         1062    i.HAL_TIM_PWM_Start  stm32f1xx_hal_tim.o
    0x08002628   0x08002628   0x0000005c   Code   RO          389    i.HAL_TIM_PeriodElapsedCallback  stm32f1xx_it.o
    0x08002684   0x08002684   0x00000002   Code   RO         1072    i.HAL_TIM_TriggerCallback  stm32f1xx_hal_tim.o
    0x08002686   0x08002686   0x00000002   Code   RO         1872    i.HAL_UART_ErrorCallback  stm32f1xx_hal_uart.o
    0x08002688   0x08002688   0x00000110   Code   RO         1875    i.HAL_UART_IRQHandler  stm32f1xx_hal_uart.o
    0x08002798   0x08002798   0x00000062   Code   RO         1876    i.HAL_UART_Init     stm32f1xx_hal_uart.o
    0x080027fa   0x080027fa   0x00000002   PAD
    0x080027fc   0x080027fc   0x00000134   Code   RO          334    i.HAL_UART_MspInit  usart.o
    0x08002930   0x08002930   0x00000052   Code   RO         1881    i.HAL_UART_Receive_IT  stm32f1xx_hal_uart.o
    0x08002982   0x08002982   0x00000002   PAD
    0x08002984   0x08002984   0x00000020   Code   RO          390    i.HAL_UART_RxCpltCallback  stm32f1xx_it.o
    0x080029a4   0x080029a4   0x0000003e   Code   RO         1886    i.HAL_UART_Transmit_IT  stm32f1xx_hal_uart.o
    0x080029e2   0x080029e2   0x00000002   Code   RO         1887    i.HAL_UART_TxCpltCallback  stm32f1xx_hal_uart.o
    0x080029e4   0x080029e4   0x00000014   Code   RO         3519    i.Hang_init_enable  task_hanging.o
    0x080029f8   0x080029f8   0x00000068   Code   RO         3520    i.HangingDriver     task_hanging.o
    0x08002a60   0x08002a60   0x0000001e   Code   RO         3736    i.Hanging_Datainput  driver_hanging.o
    0x08002a7e   0x08002a7e   0x00000002   PAD
    0x08002a80   0x08002a80   0x000000d4   Code   RO         3737    i.Hanging_Init      driver_hanging.o
    0x08002b54   0x08002b54   0x00000004   Code   RO         3738    i.Hanging_PID       driver_hanging.o
    0x08002b58   0x08002b58   0x000000cc   Code   RO         3739    i.Hanging_Run       driver_hanging.o
    0x08002c24   0x08002c24   0x00000010   Code   RO         3740    i.Hanging_localoop  driver_hanging.o
    0x08002c34   0x08002c34   0x00000002   Code   RO          391    i.HardFault_Handler  stm32f1xx_it.o
    0x08002c36   0x08002c36   0x00000028   Code   RO          638    i.I2C_IsAcknowledgeFailed  stm32f1xx_hal_i2c.o
    0x08002c5e   0x08002c5e   0x000000f0   Code   RO          647    i.I2C_RequestMemoryRead  stm32f1xx_hal_i2c.o
    0x08002d4e   0x08002d4e   0x00000002   PAD
    0x08002d50   0x08002d50   0x000000a0   Code   RO          648    i.I2C_RequestMemoryWrite  stm32f1xx_hal_i2c.o
    0x08002df0   0x08002df0   0x0000004e   Code   RO          651    i.I2C_WaitOnBTFFlagUntilTimeout  stm32f1xx_hal_i2c.o
    0x08002e3e   0x08002e3e   0x00000060   Code   RO          652    i.I2C_WaitOnFlagUntilTimeout  stm32f1xx_hal_i2c.o
    0x08002e9e   0x08002e9e   0x00000002   PAD
    0x08002ea0   0x08002ea0   0x00000088   Code   RO          653    i.I2C_WaitOnMasterAddressFlagUntilTimeout  stm32f1xx_hal_i2c.o
    0x08002f28   0x08002f28   0x00000062   Code   RO          654    i.I2C_WaitOnRXNEFlagUntilTimeout  stm32f1xx_hal_i2c.o
    0x08002f8a   0x08002f8a   0x0000004e   Code   RO          655    i.I2C_WaitOnTXEFlagUntilTimeout  stm32f1xx_hal_i2c.o
    0x08002fd8   0x08002fd8   0x00000012   Code   RO         3561    i.MPU6050_DATA_Read  driver_mpu6050.o
    0x08002fea   0x08002fea   0x00000002   PAD
    0x08002fec   0x08002fec   0x00000080   Code   RO         3562    i.MPU6050_Init      driver_mpu6050.o
    0x0800306c   0x0800306c   0x00000070   Code   RO         3563    i.MPU6050_Read_Accel  driver_mpu6050.o
    0x080030dc   0x080030dc   0x00000074   Code   RO         3564    i.MPU6050_Read_Gyro  driver_mpu6050.o
    0x08003150   0x08003150   0x00000044   Code   RO         3565    i.MPU6050_Read_Temp  driver_mpu6050.o
    0x08003194   0x08003194   0x00000068   Code   RO          177    i.MX_GPIO_Init      gpio.o
    0x080031fc   0x080031fc   0x00000040   Code   RO          203    i.MX_I2C1_Init      i2c.o
    0x0800323c   0x0800323c   0x000000f8   Code   RO          248    i.MX_TIM1_Init      tim.o
    0x08003334   0x08003334   0x00000068   Code   RO          249    i.MX_TIM2_Init      tim.o
    0x0800339c   0x0800339c   0x000000c8   Code   RO          250    i.MX_TIM3_Init      tim.o
    0x08003464   0x08003464   0x00000068   Code   RO          251    i.MX_TIM4_Init      tim.o
    0x080034cc   0x080034cc   0x00000044   Code   RO          252    i.MX_TIM6_Init      tim.o
    0x08003510   0x08003510   0x00000044   Code   RO          253    i.MX_TIM7_Init      tim.o
    0x08003554   0x08003554   0x00000038   Code   RO          335    i.MX_USART1_UART_Init  usart.o
    0x0800358c   0x0800358c   0x00000038   Code   RO          336    i.MX_USART2_UART_Init  usart.o
    0x080035c4   0x080035c4   0x00000038   Code   RO          337    i.MX_USART3_UART_Init  usart.o
    0x080035fc   0x080035fc   0x00000002   Code   RO          392    i.MemManage_Handler  stm32f1xx_it.o
    0x080035fe   0x080035fe   0x00000002   PAD
    0x08003600   0x08003600   0x00000090   Code   RO         3448    i.MotorDriver       task_motor.o
    0x08003690   0x08003690   0x000000a0   Code   RO         3642    i.MotorV_kalman_dispose  driver_motor.o
    0x08003730   0x08003730   0x0000002c   Code   RO         3643    i.MotorV_kalman_init  driver_motor.o
    0x0800375c   0x0800375c   0x00000164   Code   RO         3644    i.Motor_Init        driver_motor.o
    0x080038c0   0x080038c0   0x0000005c   Code   RO         3450    i.Motor_PIDset      task_motor.o
    0x0800391c   0x0800391c   0x00000034   Code   RO         3451    i.Motor_Park_Run    task_motor.o
    0x08003950   0x08003950   0x000001e0   Code   RO         3645    i.Motor_Run         driver_motor.o
    0x08003b30   0x08003b30   0x00000140   Code   RO         3452    i.Motor_RunRun      task_motor.o
    0x08003c70   0x08003c70   0x00000020   Code   RO         3454    i.Motor_init_enable  task_motor.o
    0x08003c90   0x08003c90   0x00000058   Code   RO         3646    i.Motorspeed_observe_jscope  driver_motor.o
    0x08003ce8   0x08003ce8   0x00000002   Code   RO          393    i.NMI_Handler       stm32f1xx_it.o
    0x08003cea   0x08003cea   0x00000020   Code   RO         2677    i.NVIC_SetPriority  stm32f1xx_hal_cortex.o
    0x08003d0a   0x08003d0a   0x00000002   Code   RO          394    i.PendSV_Handler    stm32f1xx_it.o
    0x08003d0c   0x08003d0c   0x00000108   Code   RO         3850    i.PidCalc           pid.o
    0x08003e14   0x08003e14   0x00000008   Code   RO         3851    i.PidClear          pid.o
    0x08003e1c   0x08003e1c   0x00000002   Code   RO          395    i.SVC_Handler       stm32f1xx_it.o
    0x08003e1e   0x08003e1e   0x00000002   PAD
    0x08003e20   0x08003e20   0x00000020   Code   RO         3566    i.Sensor_I2C1_Read  driver_mpu6050.o
    0x08003e40   0x08003e40   0x00000030   Code   RO         3567    i.Sensor_I2C1_Serch  driver_mpu6050.o
    0x08003e70   0x08003e70   0x00000020   Code   RO         3568    i.Sensor_I2C1_Write  driver_mpu6050.o
    0x08003e90   0x08003e90   0x00000004   Code   RO          396    i.SysTick_Handler   stm32f1xx_it.o
    0x08003e94   0x08003e94   0x00000068   Code   RO           14    i.SystemClock_Config  main.o
    0x08003efc   0x08003efc   0x00000054   Code   RO         3324    i.SystemInit        system_stm32f1xx.o
    0x08003f50   0x08003f50   0x0000000c   Code   RO          397    i.TIM6_IRQHandler   stm32f1xx_it.o
    0x08003f5c   0x08003f5c   0x0000000c   Code   RO          398    i.TIM7_IRQHandler   stm32f1xx_it.o
    0x08003f68   0x08003f68   0x0000007c   Code   RO         1073    i.TIM_Base_SetConfig  stm32f1xx_hal_tim.o
    0x08003fe4   0x08003fe4   0x00000016   Code   RO         1074    i.TIM_CCxChannelCmd  stm32f1xx_hal_tim.o
    0x08003ffa   0x08003ffa   0x00000014   Code   RO         1080    i.TIM_ETR_SetConfig  stm32f1xx_hal_tim.o
    0x0800400e   0x0800400e   0x00000010   Code   RO         1081    i.TIM_ITRx_SetConfig  stm32f1xx_hal_tim.o
    0x0800401e   0x0800401e   0x00000002   PAD
    0x08004020   0x08004020   0x00000050   Code   RO         1082    i.TIM_OC1_SetConfig  stm32f1xx_hal_tim.o
    0x08004070   0x08004070   0x00000058   Code   RO         1083    i.TIM_OC2_SetConfig  stm32f1xx_hal_tim.o
    0x080040c8   0x080040c8   0x00000058   Code   RO         1084    i.TIM_OC3_SetConfig  stm32f1xx_hal_tim.o
    0x08004120   0x08004120   0x00000044   Code   RO         1085    i.TIM_OC4_SetConfig  stm32f1xx_hal_tim.o
    0x08004164   0x08004164   0x00000022   Code   RO         1087    i.TIM_TI1_ConfigInputStage  stm32f1xx_hal_tim.o
    0x08004186   0x08004186   0x00000024   Code   RO         1089    i.TIM_TI2_ConfigInputStage  stm32f1xx_hal_tim.o
    0x080041aa   0x080041aa   0x00000002   PAD
    0x080041ac   0x080041ac   0x00000060   Code   RO         3365    i.Task_attitude_sol  task_attitude.o
    0x0800420c   0x0800420c   0x0000004c   Code   RO         3521    i.Task_hanging      task_hanging.o
    0x08004258   0x08004258   0x00000028   Code   RO         3455    i.Task_motor        task_motor.o
    0x08004280   0x08004280   0x0000000c   Code   RO         3647    i.TimX_encoder_cont  driver_motor.o
    0x0800428c   0x0800428c   0x00000044   Code   RO         3648    i.TimX_encoder_solu  driver_motor.o
    0x080042d0   0x080042d0   0x00000010   Code   RO         1889    i.UART_DMAAbortOnError  stm32f1xx_hal_uart.o
    0x080042e0   0x080042e0   0x0000001c   Code   RO         1899    i.UART_EndRxTransfer  stm32f1xx_hal_uart.o
    0x080042fc   0x080042fc   0x00000096   Code   RO         1901    i.UART_Receive_IT   stm32f1xx_hal_uart.o
    0x08004392   0x08004392   0x00000002   PAD
    0x08004394   0x08004394   0x00000170   Code   RO         1902    i.UART_SetConfig    stm32f1xx_hal_uart.o
    0x08004504   0x08004504   0x00000062   Code   RO         1903    i.UART_Transmit_IT  stm32f1xx_hal_uart.o
    0x08004566   0x08004566   0x00000002   PAD
    0x08004568   0x08004568   0x0000000c   Code   RO          399    i.USART1_IRQHandler  stm32f1xx_it.o
    0x08004574   0x08004574   0x0000000c   Code   RO          400    i.USART2_IRQHandler  stm32f1xx_it.o
    0x08004580   0x08004580   0x0000000c   Code   RO          401    i.USART3_IRQHandler  stm32f1xx_it.o
    0x0800458c   0x0800458c   0x00000002   Code   RO          402    i.UsageFault_Handler  stm32f1xx_it.o
    0x0800458e   0x0800458e   0x00000002   PAD
    0x08004590   0x08004590   0x00000098   Code   RO         3366    i.WM_locaupdate     task_attitude.o
    0x08004628   0x08004628   0x00000028   Code   RO         4003    i.__ARM_fpclassify  m_ws.l(fpclassify.o)
    0x08004650   0x08004650   0x00000388   Code   RO         4008    i.__ieee754_rem_pio2  m_ws.l(rred.o)
    0x080049d8   0x080049d8   0x000000fc   Code   RO         3986    i.__kernel_cos      m_ws.l(cos_i.o)
    0x08004ad4   0x08004ad4   0x000000aa   Code   RO         4005    i.__kernel_poly     m_ws.l(poly.o)
    0x08004b7e   0x08004b7e   0x00000002   PAD
    0x08004b80   0x08004b80   0x000000ec   Code   RO         4013    i.__kernel_sin      m_ws.l(sin_i.o)
    0x08004c6c   0x08004c6c   0x0000027c   Code   RO         4019    i.__kernel_tan      m_ws.l(tan_i.o)
    0x08004ee8   0x08004ee8   0x00000010   Code   RO         3989    i.__mathlib_dbl_divzero  m_ws.l(dunder.o)
    0x08004ef8   0x08004ef8   0x00000006   Code   RO         3990    i.__mathlib_dbl_infnan  m_ws.l(dunder.o)
    0x08004efe   0x08004efe   0x00000004   Code   RO         3991    i.__mathlib_dbl_infnan2  m_ws.l(dunder.o)
    0x08004f02   0x08004f02   0x0000000c   Code   RO         3992    i.__mathlib_dbl_invalid  m_ws.l(dunder.o)
    0x08004f0e   0x08004f0e   0x0000000e   Code   RO         3993    i.__mathlib_dbl_overflow  m_ws.l(dunder.o)
    0x08004f1c   0x08004f1c   0x00000010   Code   RO         3995    i.__mathlib_dbl_underflow  m_ws.l(dunder.o)
    0x08004f2c   0x08004f2c   0x0000000e   Code   RO         4065    i.__scatterload_copy  mc_w.l(handlers.o)
    0x08004f3a   0x08004f3a   0x00000002   Code   RO         4066    i.__scatterload_null  mc_w.l(handlers.o)
    0x08004f3c   0x08004f3c   0x0000000e   Code   RO         4067    i.__scatterload_zeroinit  mc_w.l(handlers.o)
    0x08004f4a   0x08004f4a   0x00000002   PAD
    0x08004f4c   0x08004f4c   0x0000000c   Code   RO         4045    i.__set_errno       mc_w.l(errno.o)
    0x08004f58   0x08004f58   0x000000ac   Code   RO         3367    i.accel_attitude_aol  task_attitude.o
    0x08005004   0x08005004   0x00000080   Code   RO         3092    i.arm_mat_add_f32   arm_mat_add_f32.o
    0x08005084   0x08005084   0x00000008   Code   RO         3155    i.arm_mat_init_f32  arm_mat_init_f32.o
    0x0800508c   0x0800508c   0x0000025e   Code   RO         3179    i.arm_mat_inverse_f32  arm_mat_inverse_f32.o
    0x080052ea   0x080052ea   0x00000112   Code   RO         3227    i.arm_mat_mult_f32  arm_mat_mult_f32.o
    0x080053fc   0x080053fc   0x00000080   Code   RO         3275    i.arm_mat_sub_f32   arm_mat_sub_f32.o
    0x0800547c   0x0800547c   0x0000007a   Code   RO         3299    i.arm_mat_trans_f32  arm_mat_trans_f32.o
    0x080054f6   0x080054f6   0x00000002   PAD
    0x080054f8   0x080054f8   0x00000220   Code   RO         3878    i.atan              m_ws.l(atan.o)
    0x08005718   0x08005718   0x0000009c   Code   RO         3888    i.cos               m_ws.l(cos.o)
    0x080057b4   0x080057b4   0x00000284   Code   RO         3896    i.exp               m_ws.l(exp.o)
    0x08005a38   0x08005a38   0x0000015c   Code   RO         3368    i.gyro_attitude_aol  task_attitude.o
    0x08005b94   0x08005b94   0x0000012c   Code   RO         3817    i.kalman_filter_calc  kalman_filter.o
    0x08005cc0   0x08005cc0   0x000000e2   Code   RO         3818    i.kalman_filter_init  kalman_filter.o
    0x08005da2   0x08005da2   0x00000002   PAD
    0x08005da4   0x08005da4   0x00000074   Code   RO           15    i.main              main.o
    0x08005e18   0x08005e18   0x000009d8   Code   RO         3906    i.pow               m_ws.l(pow.o)
    0x080067f0   0x080067f0   0x000000a0   Code   RO         3916    i.sin               m_ws.l(sin.o)
    0x08006890   0x08006890   0x0000004c   Code   RO         3924    i.sqrt              m_ws.l(sqrt.o)
    0x080068dc   0x080068dc   0x00000064   Code   RO         3932    i.tan               m_ws.l(tan.o)
    0x08006940   0x08006940   0x00000024   Code   RO         3369    i.zero_sol          task_attitude.o
    0x08006964   0x08006964   0x00000010   Data   RO         3325    .constdata          system_stm32f1xx.o
    0x08006974   0x08006974   0x00000008   Data   RO         3326    .constdata          system_stm32f1xx.o
    0x0800697c   0x0800697c   0x00000004   PAD
    0x08006980   0x08006980   0x00000098   Data   RO         3879    .constdata          m_ws.l(atan.o)
    0x08006a18   0x08006a18   0x00000058   Data   RO         3897    .constdata          m_ws.l(exp.o)
    0x08006a70   0x08006a70   0x00000088   Data   RO         3907    .constdata          m_ws.l(pow.o)
    0x08006af8   0x08006af8   0x00000030   Data   RO         3987    .constdata          m_ws.l(cos_i.o)
    0x08006b28   0x08006b28   0x00000008   Data   RO         4007    .constdata          m_ws.l(qnan.o)
    0x08006b30   0x08006b30   0x000000c8   Data   RO         4010    .constdata          m_ws.l(rred.o)
    0x08006bf8   0x08006bf8   0x00000028   Data   RO         4014    .constdata          m_ws.l(sin_i.o)
    0x08006c20   0x08006c20   0x00000060   Data   RO         4020    .constdata          m_ws.l(tan_i.o)
    0x08006c80   0x08006c80   0x00000020   Data   RO         4063    Region$$Table       anon$$obj.o


    Execution Region RW_IRAM1 (Exec base: 0x20000000, Load base: 0x08006ca0, Size: 0x00000f20, Max: 0x00010000, ABSOLUTE, COMPRESSED[0x0000007c])

    Exec Addr    Load Addr    Size         Type   Attr      Idx    E Section Name        Object

    0x20000000   COMPRESSED   0x00000001   Data   RW          407    .data               stm32f1xx_it.o
    0x20000001   COMPRESSED   0x00000003   PAD
    0x20000004   COMPRESSED   0x0000000c   Data   RW         2200    .data               stm32f1xx_hal.o
    0x20000010   COMPRESSED   0x00000004   Data   RW         3327    .data               system_stm32f1xx.o
    0x20000014   COMPRESSED   0x000001b8   Data   RW         3371    .data               task_attitude.o
    0x200001cc   COMPRESSED   0x00000003   Data   RW         3458    .data               task_motor.o
    0x200001cf   COMPRESSED   0x00000001   PAD
    0x200001d0   COMPRESSED   0x0000000c   Data   RW         3523    .data               task_hanging.o
    0x200001dc   COMPRESSED   0x00000006   Data   RW         3570    .data               driver_mpu6050.o
    0x200001e2   COMPRESSED   0x00000002   PAD
    0x200001e4   COMPRESSED   0x000000d8   Data   RW         3651    .data               driver_motor.o
    0x200002bc   COMPRESSED   0x00000030   Data   RW         3742    .data               driver_hanging.o
    0x200002ec   COMPRESSED   0x00000008   Data   RW         3819    .data               kalman_filter.o
    0x200002f4   COMPRESSED   0x00000004   Data   RW         4046    .data               mc_w.l(errno.o)
    0x200002f8        -       0x00000054   Zero   RW          204    .bss                i2c.o
    0x2000034c        -       0x00000180   Zero   RW          254    .bss                tim.o
    0x200004cc        -       0x000000c0   Zero   RW          338    .bss                usart.o
    0x2000058c        -       0x000000e4   Zero   RW         3370    .bss                task_attitude.o
    0x20000670        -       0x0000003c   Zero   RW         3457    .bss                task_motor.o
    0x200006ac        -       0x00000020   Zero   RW         3522    .bss                task_hanging.o
    0x200006cc        -       0x0000001c   Zero   RW         3569    .bss                driver_mpu6050.o
    0x200006e8        -       0x00000268   Zero   RW         3650    .bss                driver_motor.o
    0x20000950        -       0x000001d0   Zero   RW         3741    .bss                driver_hanging.o
    0x20000b20        -       0x00000400   Zero   RW            1    STACK               startup_stm32f107xc.o


==============================================================================

Image component sizes


      Code (inc. data)   RO Data    RW Data    ZI Data      Debug   Object Name

       128          0          0          0          0      14578   arm_mat_add_f32.o
         8          0          0          0          0        879   arm_mat_init_f32.o
       606          0          0          0          0       3042   arm_mat_inverse_f32.o
       274          0          0          0          0       1867   arm_mat_mult_f32.o
       128          0          0          0          0       1286   arm_mat_sub_f32.o
       122          0          0          0          0       1292   arm_mat_trans_f32.o
       542         44          0         48        464       4517   driver_hanging.o
      1310        130          0        216        616       8983   driver_motor.o
       554         68          0          6         28       6421   driver_mpu6050.o
       104          8          0          0          0        859   gpio.o
       188         26          0          0         84       1549   i2c.o
       526          4          0          8          0       2208   kalman_filter.o
       222         18          0          0          0     649878   main.o
       272          4          0          0          0       1353   pid.o
        36          8        336          0       1024        780   startup_stm32f107xc.o
       164         28          0         12          0       6813   stm32f1xx_hal.o
       194         14          0          0          0      25631   stm32f1xx_hal_cortex.o
       304          8          0          0          0       1123   stm32f1xx_hal_dma.o
       444         36          0          0          0       2212   stm32f1xx_hal_gpio.o
      2458         54          0          0          0      13706   stm32f1xx_hal_i2c.o
        44          6          0          0          0        766   stm32f1xx_hal_msp.o
      1592        112          0          0          0       5380   stm32f1xx_hal_rcc.o
      1776         44          0          0          0      16479   stm32f1xx_hal_tim.o
       174          0          0          0          0       3018   stm32f1xx_hal_tim_ex.o
      1178         10          0          0          0       7782   stm32f1xx_hal_uart.o
       204         68          0          1          0       7551   stm32f1xx_it.o
        84         16         24          4          0       1095   system_stm32f1xx.o
      1232        124          0        440        228       7910   task_attitude.o
       200         36          0         12         32       2464   task_hanging.o
       680        164          0          3         60       4108   task_motor.o
      1288        118          0          0        384       6199   tim.o
       476         50          0          0        192       2856   usart.o

    ----------------------------------------------------------------------
     17548       1198        396        756       3112     814585   Object Totals
         0          0         32          0          0          0   (incl. Generated)
        36          0          4          6          0          0   (incl. Padding)

    ----------------------------------------------------------------------

      Code (inc. data)   RO Data    RW Data    ZI Data      Debug   Library Member Name

       544         70        152          0          0        124   atan.o
       156          8          0          0          0        104   cos.o
       252         22         48          0          0        124   cos_i.o
        68         10          0          0          0        408   dunder.o
       644         90         88          0          0        204   exp.o
        40          0          0          0          0         68   fpclassify.o
       170          0          0          0          0         96   poly.o
      2520        190        136          0          0        324   pow.o
         0          0          8          0          0          0   qnan.o
       904         76        200          0          0        140   rred.o
       160         10          0          0          0        108   sin.o
       236         12         40          0          0        128   sin_i.o
        76          0          0          0          0         84   sqrt.o
       100         10          0          0          0         96   tan.o
       636         50         96          0          0        168   tan_i.o
        86          0          0          0          0          0   __dczerorl2.o
         0          0          0          0          0          0   entry.o
         0          0          0          0          0          0   entry10a.o
         0          0          0          0          0          0   entry11a.o
         8          4          0          0          0          0   entry2.o
         4          0          0          0          0          0   entry5.o
         0          0          0          0          0          0   entry7b.o
         0          0          0          0          0          0   entry8b.o
         8          4          0          0          0          0   entry9a.o
        12          6          0          4          0         68   errno.o
        30          0          0          0          0          0   handlers.o
        36          8          0          0          0         68   init.o
         0          0          0          0          0          0   iusefp.o
        30          0          0          0          0         68   llshl.o
        36          0          0          0          0         68   llsshr.o
        32          0          0          0          0         68   llushr.o
        36          0          0          0          0         68   memcpya.o
        36          0          0          0          0        108   memseta.o
        98          0          0          0          0         92   uldiv.o
        48          0          0          0          0         68   cdcmple.o
        48          0          0          0          0         68   cdrcmple.o
        20          0          0          0          0         68   cfcmple.o
        20          0          0          0          0         68   cfrcmple.o
        56          0          0          0          0         88   d2f.o
       334          0          0          0          0        148   dadd.o
       222          0          0          0          0        100   ddiv.o
       186          0          0          0          0        176   depilogue.o
        62          0          0          0          0         80   dfixi.o
        34          0          0          0          0         76   dflti.o
        26          0          0          0          0         76   dfltui.o
       228          0          0          0          0         96   dmul.o
        46          0          0          0          0         80   dscalb.o
       162          0          0          0          0        100   dsqrt.o
        38          0          0          0          0         68   f2d.o
       176          0          0          0          0        140   fadd.o
       124          0          0          0          0         88   fdiv.o
       110          0          0          0          0        168   fepilogue.o
        50          0          0          0          0         68   ffixi.o
        18          0          0          0          0         68   fflti.o
       100          0          0          0          0         76   fmul.o
        24          0          0          0          0         68   fscalb.o

    ----------------------------------------------------------------------
      9096        570        768          4          0       4820   Library Totals
         6          0          0          0          0          0   (incl. Padding)

    ----------------------------------------------------------------------

      Code (inc. data)   RO Data    RW Data    ZI Data      Debug   Library Name

      6506        548        768          0          0       2176   m_ws.l
       452         22          0          4          0        608   mc_w.l
      2132          0          0          0          0       2036   mf_w.l

    ----------------------------------------------------------------------
      9096        570        768          4          0       4820   Library Totals

    ----------------------------------------------------------------------

==============================================================================


      Code (inc. data)   RO Data    RW Data    ZI Data      Debug   

     26644       1768       1164        760       3112     809081   Grand Totals
     26644       1768       1164        124       3112     809081   ELF Image Totals (compressed)
     26644       1768       1164        124          0          0   ROM Totals

==============================================================================

    Total RO  Size (Code + RO Data)                27808 (  27.16kB)
    Total RW  Size (RW Data + ZI Data)              3872 (   3.78kB)
    Total ROM Size (Code + RO Data + RW Data)      27932 (  27.28kB)

==============================================================================

