<html>
<body>
<pre>
<h1>µVision Build Log</h1>
<h2>Tool Versions:</h2>
IDE-Version: ¦ÌVision V5.25.2.0
Copyright (C) 2018 ARM Ltd and ARM Germany GmbH. All rights reserved.
License Information: Chu Heng, Chu heng, LIC=DSNXV-P3X46-68PFC-705NU-86HJV-83Q1P
 
Tool Versions:
Toolchain:       MDK-ARM Professional  Version: 5.25.2.0
Toolchain Path:  D:\MDK_Keil_v5\ARM\ARMCC\Bin
C Compiler:      Armcc.exe V5.06 update 6 (build 750)
Assembler:       Armasm.exe V5.06 update 6 (build 750)
Linker/Locator:  ArmLink.exe V5.06 update 6 (build 750)
Library Manager: ArmAr.exe V5.06 update 6 (build 750)
Hex Converter:   FromElf.exe V5.06 update 6 (build 750)
CPU DLL:         SARMCM3.DLL V5.25.2.0
Dialog DLL:      DCM.DLL V1.17.1.0
Target DLL:      Segger\JL2CM3.dll V2.99.29.0
Dialog DLL:      TCM.DLL V1.35.1.0
 
<h2>Project:</h2>
E:\School_DS_PRO\Project_DS1.2\MDK-ARM\Project_test.uvprojx
Project File Date:  05/27/2022

<h2>Output:</h2>
*** Using Compiler 'V5.06 update 6 (build 750)', folder: 'D:\MDK_Keil_v5\ARM\ARMCC\Bin'
Build target 'Project_test'
compiling task_motor.c...
..\Driver_LL\driver_motor\driver_motor.h(94): warning:  #1-D: last line of file ends without a newline
  #endif
..\Task_LL\task_motor\task_motor.h(20): warning:  #1-D: last line of file ends without a newline
  #endif
..\Task_LL\task_hanging\task_hanging.h(24): warning:  #1-D: last line of file ends without a newline
  #endif
..\Task_LL\task_motor\task_motor.c: 3 warnings, 0 errors
linking...
Program Size: Code=26644 RO-data=1164 RW-data=760 ZI-data=3112  
FromELF: creating hex file...
"Project_test\Project_test.axf" - 0 Error(s), 3 Warning(s).

<h2>Software Packages used:</h2>

Package Vendor: ARM
                http://www.keil.com/pack/ARM.CMSIS.5.3.0.pack
                ARM.CMSIS.5.3.0
                CMSIS (Cortex Microcontroller Software Interface Standard)
   * Component: CORE Version: 5.1.1

Package Vendor: Keil
                http://www.keil.com/pack/Keil.STM32F1xx_DFP.2.2.0.pack
                Keil.STM32F1xx_DFP.2.2.0
                STMicroelectronics STM32F1 Series Device Support, Drivers and Examples

<h2>Collection of Component include folders:</h2>
  .\RTE\_Project_test
  D:\MDK_Keil_v5\ARM\PACK\ARM\CMSIS\5.3.0\CMSIS\Include
  D:\MDK_Keil_v5\ARM\PACK\Keil\STM32F1xx_DFP\2.2.0\Device\Include

<h2>Collection of Component Files used:</h2>

   * Component: ARM::CMSIS:CORE:5.1.1
Build Time Elapsed:  00:00:03
</pre>
</body>
</html>
